// Jest Snapshot v1, https://goo.gl/fbAQLP

exports[`AccordionItem should render with required props 1`] = `
<div
  className="accordion"
>
  <input
    className="accordionHidden"
    id="How do I test things"
    type="checkbox"
  />
  <label
    className="accordionTitle"
    htmlFor="How do I test things"
  >
    How do I test things?
  </label>
  <p
    className="accordionContent"
  >
    Like so!
  </p>
</div>
`;
