// Jest Snapshot v1, https://goo.gl/fbAQLP

exports[`LogoSection should render with required props 1`] = `
<Content
  columns={
    Array [
      <ul
        className="logoSizeList"
      >
        <li
          className="logoSizeListItem smallLogos"
        >
          <h5>
            Small Logos
          </h5>
          <p>
            For use when Operation Code's logo name is between 0-1 inch in height. In most cases, use the Original Small Logo. The Stacked Small Logo is to be used where graphics needs are larger in vertical height than horizontal width with the Operation Code logo name still under 1 inch in height.
          </p>
          <ul
            className="logoTypeList"
          >
            <li
              className="logoTypeListItem"
            >
              <h6>
                TYPICAL
              </h6>
              <ul
                className="badgeList"
              >
                <li>
                  <Badge
                    icon={
                      <img
                        alt="Small Blue Accented Logo"
                        src="https://operation-code-assets.s3.us-east-2.amazonaws.com/branding/logos/small-blue-logo.png"
                      />
                    }
                    isImageFirst={false}
                    label="Blue"
                  />
                </li>
                <li>
                  <Badge
                    icon={
                      <img
                        alt="Small Red Accented Logo"
                        src="https://operation-code-assets.s3.us-east-2.amazonaws.com/branding/logos/small-red-logo.png"
                      />
                    }
                    isImageFirst={false}
                    label="Red"
                  />
                </li>
                <li>
                  <Badge
                    icon={
                      <img
                        alt="Small Unaccented Logo"
                        src="https://operation-code-assets.s3.us-east-2.amazonaws.com/branding/logos/small-logo.png"
                      />
                    }
                    isImageFirst={false}
                    label="Slate"
                  />
                </li>
                <li>
                  <Badge
                    icon={
                      <img
                        alt="Small White Accented Logo"
                        src="https://operation-code-assets.s3.us-east-2.amazonaws.com/branding/logos/small-white-logo.png"
                      />
                    }
                    isImageFirst={false}
                    label="White"
                  />
                </li>
              </ul>
            </li>
            <li
              className="logoTypeListItem"
            >
              <h6>
                Stacked Logos
              </h6>
              <p>
                Use the Large Stacked Original logo in areas where you have more vertical space than horizontal. Only use the Red Stacked Logo for special holidays such as Thanksgiving, fall events, and Christmas. The Light Stacked Logo is to be used with dark or contrasting bright colored backgrounds.
              </p>
              <ul
                className="badgeList"
              >
                <li>
                  <Badge
                    icon={
                      <img
                        alt="Large Stacked Original"
                        src="https://operation-code-assets.s3.us-east-2.amazonaws.com/branding/logos/small-stacked-logo-blue.png"
                      />
                    }
                    isImageFirst={false}
                    label="Blue"
                  />
                </li>
                <li>
                  <Badge
                    icon={
                      <img
                        alt="Red Stacked Logo"
                        src="https://operation-code-assets.s3.us-east-2.amazonaws.com/branding/logos/small-stacked-logo-red.png"
                      />
                    }
                    isImageFirst={false}
                    label="Red"
                  />
                </li>
                <li>
                  <Badge
                    icon={
                      <img
                        alt="Light Stacked Logo"
                        src="https://operation-code-assets.s3.us-east-2.amazonaws.com/branding/logos/small-stacked-logo.png"
                      />
                    }
                    isImageFirst={false}
                    label="Slate"
                  />
                </li>
              </ul>
            </li>
            <li
              className="logoTypeListItem"
            >
              <h6>
                Medals
              </h6>
              <p>
                Use the following medals when you are prompted to upload a thumbnail logo only or profile photo. In most cases, use the OC Blue Medal. The Red Medal should only be used for holidays and special events (such as Thanksgiving, fall, or Christmas). The Navy Medal should be used memorandums or lighter bright colored backgrounds.
              </p>
              <ul
                className="badgeList"
              >
                <li>
                  <Badge
                    icon={
                      <img
                        alt="OC Blue Medal"
                        src="https://operation-code-assets.s3.us-east-2.amazonaws.com/branding/logos/large-blue-medal.png"
                      />
                    }
                    isImageFirst={false}
                    label="Blue"
                  />
                </li>
                <li>
                  <Badge
                    icon={
                      <img
                        alt="Red Medal"
                        src="https://operation-code-assets.s3.us-east-2.amazonaws.com/branding/logos/large-red-medal.png"
                      />
                    }
                    isImageFirst={false}
                    label="Red"
                  />
                </li>
                <li>
                  <Badge
                    icon={
                      <img
                        alt="Navy Medal"
                        src="https://operation-code-assets.s3.us-east-2.amazonaws.com/branding/logos/large-slate-medal.png"
                      />
                    }
                    isImageFirst={false}
                    label="Navy"
                  />
                </li>
              </ul>
            </li>
            <li
              className="logoTypeListItem"
            >
              <h6>
                Badges
              </h6>
              <p>
                You may also use badges as a profile photo or thumbnail. Badges should be used to accompany corporate sponsors or alliance partnerships on shared branding. Use the original OC Blue Badge in most cases, except the Red Badge for special events and holidays (Thanksgiving, fall and Christmas). The Navy Badge may be used with light backgrounds and bright colored backgrounds.
              </p>
              <ul
                className="badgeList"
              >
                <li>
                  <Badge
                    icon={
                      <img
                        alt="OC Blue Badge"
                        src="https://operation-code-assets.s3.us-east-2.amazonaws.com/branding/logos/large-blue-medal.png"
                      />
                    }
                    isImageFirst={false}
                    label="OC Blue Badge"
                  />
                </li>
                <li>
                  <Badge
                    icon={
                      <img
                        alt="Red Badge"
                        src="https://operation-code-assets.s3.us-east-2.amazonaws.com/branding/logos/large-red-medal.png"
                      />
                    }
                    isImageFirst={false}
                    label="Red Badge"
                  />
                </li>
                <li>
                  <Badge
                    icon={
                      <img
                        alt="Navy"
                        src="https://operation-code-assets.s3.us-east-2.amazonaws.com/branding/logos/large-slate-medal.png"
                      />
                    }
                    isImageFirst={false}
                    label="Navy Badge"
                  />
                </li>
              </ul>
            </li>
          </ul>
        </li>
        <li
          className="logoSizeListItem largeLogos"
        >
          <h5>
            Large Logos
          </h5>
          <p>
            Use the Original Large Logo in almost all cases above 1 inch in height. The Red Large Logo is to be used in special events (such as Thanksgiving, fall or Christmas), and the Light Large Logo is to be used with dark backgrounds or bright colored backgrounds.
          </p>
          <ul
            className="logoTypeList"
          >
            <li
              className="logoTypeListItem"
            >
              <h6>
                TYPICAL
              </h6>
              <ul
                className="badgeList"
              >
                <li>
                  <Badge
                    icon={
                      <img
                        alt="Original Large Logo"
                        src="https://operation-code-assets.s3.us-east-2.amazonaws.com/branding/logos/large-blue-logo.png"
                      />
                    }
                    isImageFirst={false}
                    label="Blue"
                  />
                </li>
                <li>
                  <Badge
                    icon={
                      <img
                        alt="Red Large Logo"
                        src="https://operation-code-assets.s3.us-east-2.amazonaws.com/branding/logos/large-red-logo.png"
                      />
                    }
                    isImageFirst={false}
                    label="Red"
                  />
                </li>
                <li>
                  <Badge
                    icon={
                      <img
                        alt="Large Unaccented Logo"
                        src="https://operation-code-assets.s3.us-east-2.amazonaws.com/branding/logos/large-logo.png"
                      />
                    }
                    isImageFirst={false}
                    label="Slate"
                  />
                </li>
                <li>
                  <Badge
                    icon={
                      <img
                        alt="Large White Accented Logo"
                        src="https://operation-code-assets.s3.us-east-2.amazonaws.com/branding/logos/large-white-logo.png"
                      />
                    }
                    isImageFirst={false}
                    label="White"
                  />
                </li>
              </ul>
            </li>
          </ul>
        </li>
      </ul>,
    ]
  }
  hasTitleUnderline={true}
  isFullViewportHeight={false}
  theme="gray"
  title="Logo"
/>
`;
