// Jest Snapshot v1, https://goo.gl/fbAQLP

exports[`CivicXBadge should render with no props passed 1`] = `
<div>
  <OutboundLink
    analyticsEventLabel="[CivicX Accelerator Badge] http://cvcx.org/veterans-solutions-lab/"
    hasIcon={false}
    href="http://cvcx.org/veterans-solutions-lab/"
    router={
      Object {
        "prefetch": [Function],
        "push": [Function],
        "replace": [Function],
        "route": "/mock-route",
        "withRouter": [Function],
      }
    }
  >
    <img
      alt="Operation Code is a graduate of the CivicX Accelerator."
      className="civic"
      src="/static/images/civic-x.png"
    />
  </OutboundLink>
</div>
`;
