// Jest Snapshot v1, https://goo.gl/fbAQLP

exports[`Modal should render properly with some props assigned and being open 1`] = `
<Modal
  ariaHideApp={true}
  bodyOpenClassName="ReactModal__Body--open"
  className="Card test-class"
  closeTimeoutMS={0}
  contentLabel="Test"
  isOpen={true}
  onRequestClose={[Function]}
  parentSelector={[MockFunction]}
  portalClassName="ReactModalPortal"
  shouldCloseOnEsc={true}
  shouldCloseOnOverlayClick={true}
  shouldFocusAfterRender={true}
  shouldReturnFocusAfterClose={true}
>
  <button
    className="closeButton"
    onClick={[Function]}
    type="button"
  >
    <test-file-mock
      className="closeButtonIcon"
    />
  </button>
  <div
    className="scrollableContainer"
  >
    Test
  </div>
</Modal>
`;

exports[`Modal should render properly with some props assigned and not being open 1`] = `null`;

exports[`Modal should render with just required props passed 1`] = `null`;
