// Jest Snapshot v1, https://goo.gl/fbAQLP

exports[`RegistrationForm should render with required props 1`] = `
<form
  className="RegistrationForm"
  noValidate={true}
  onReset={[Function]}
  onSubmit={[Function]}
>
  <p>
    We work closely with military veterans, service members, and spouses who are passionate about transitioning into the tech industry. We work with over 7,000 members who are all working towards relevant goals on Slack and in-person meet-ups. Membership is free! Unfamiliar with Slack?
     
    <a
      href="/slack_guide"
      onClick={[Function]}
      onMouseEnter={[Function]}
    >
      Learn how to use it!
    </a>
  </p>
  <div>
    <div
      className="field"
      data-testid="INPUT"
    >
      <label
        className="Label"
        data-testid="LABEL"
        htmlFor="email"
      >
        Email*
      </label>
      <div
        className="inputFeedbackGrouping"
        data-testid="INPUT_FEEDBACK_GROUPING"
      >
        <input
          autoComplete="username email"
          className="Input"
          disabled={false}
          id="email"
          name="email"
          onBlur={[Function]}
          onChange={[Function]}
          type="email"
          value=""
        />
      </div>
    </div>
    <div
      className="field"
      data-testid="INPUT"
    >
      <label
        className="Label"
        data-testid="LABEL"
        htmlFor="confirm-email"
      >
        Confirm Email*
      </label>
      <div
        className="inputFeedbackGrouping"
        data-testid="INPUT_FEEDBACK_GROUPING"
      >
        <input
          autoComplete="username email"
          className="Input"
          disabled={false}
          id="confirm-email"
          name="confirm-email"
          onBlur={[Function]}
          onChange={[Function]}
          type="email"
          value=""
        />
      </div>
    </div>
    <div
      className="field"
      data-testid="INPUT"
    >
      <label
        className="Label"
        data-testid="LABEL"
        htmlFor="password"
      >
        Password*
      </label>
      <div
        className="inputFeedbackGrouping"
        data-testid="INPUT_FEEDBACK_GROUPING"
      >
        <input
          autoComplete="new-password"
          className="Input"
          disabled={false}
          id="password"
          name="password"
          onBlur={[Function]}
          onChange={[Function]}
          type="password"
          value=""
        />
      </div>
    </div>
    <div
      className="field"
      data-testid="INPUT"
    >
      <label
        className="Label"
        data-testid="LABEL"
        htmlFor="confirm-password"
      >
        Confirm Password*
      </label>
      <div
        className="inputFeedbackGrouping"
        data-testid="INPUT_FEEDBACK_GROUPING"
      >
        <input
          autoComplete="new-password"
          className="Input"
          disabled={false}
          id="confirm-password"
          name="confirm-password"
          onBlur={[Function]}
          onChange={[Function]}
          type="password"
          value=""
        />
      </div>
    </div>
    <div
      className="field"
      data-testid="INPUT"
    >
      <label
        className="Label"
        data-testid="LABEL"
        htmlFor="firstName"
      >
        First Name*
      </label>
      <div
        className="inputFeedbackGrouping"
        data-testid="INPUT_FEEDBACK_GROUPING"
      >
        <input
          autoComplete="given-name"
          className="Input"
          disabled={false}
          id="firstName"
          name="firstName"
          onBlur={[Function]}
          onChange={[Function]}
          type="text"
          value=""
        />
      </div>
    </div>
    <div
      className="field"
      data-testid="INPUT"
    >
      <label
        className="Label"
        data-testid="LABEL"
        htmlFor="lastName"
      >
        Last Name*
      </label>
      <div
        className="inputFeedbackGrouping"
        data-testid="INPUT_FEEDBACK_GROUPING"
      >
        <input
          autoComplete="family-name"
          className="Input"
          disabled={false}
          id="lastName"
          name="lastName"
          onBlur={[Function]}
          onChange={[Function]}
          type="text"
          value=""
        />
      </div>
    </div>
    <div
      className="field"
      data-testid="INPUT"
    >
      <label
        className="Label"
        data-testid="LABEL"
        htmlFor="zipcode"
      >
        Zipcode*
      </label>
      <div
        className="inputFeedbackGrouping"
        data-testid="INPUT_FEEDBACK_GROUPING"
      >
        <input
          autoComplete="postal-code"
          className="Input"
          disabled={false}
          id="zipcode"
          name="zipcode"
          onBlur={[Function]}
          onChange={[Function]}
          type="text"
          value=""
        />
      </div>
    </div>
  </div>
  
  <p>
    The demographic information you provide, helps us understand our community needs, ensure diversity, and provide specific resources to reach our mission. Thank you in advance for providing honest answers. We do not sell your information to anyone.
  </p>
  <button
    className="Button topMargin secondary"
    data-testid="BUTTON"
    disabled={false}
    onClick={[Function]}
    tabIndex={0}
    type="submit"
  >
    Submit
  </button>
</form>
`;
