// Vitest Snapshot v1, https://vitest.dev/guide/snapshot.html

exports[`CloseButton > should render with just required props passed 1`] = `
<div>
  <button
    class="group bg-transparent h-5 w-5 absolute top-4 right-4 border-none z-1 text-primary"
    data-testid="CLOSE_BUTTON"
    type="button"
  >
    <span
      class="sr-only"
      data-testid="SCREEN_READER_ONLY"
    >
      Close
    </span>
    <svg
      class="fill-current transform rotate-45 transition-transform duration-200 ease-linear group-hover:rotate-135"
      viewBox="0 0 500 500"
    >
      <symbol
        id="_c3230965"
        viewBox="0 0 500 500"
        xmlns="http://www.w3.org/2000/svg"
      >
        <title>
          Plus Symbol
        </title>
        <path
          d="M500 200H300V0H200v200H0v100h200v200h100V300h200V200z"
        />
      </symbol>
      <use
        href="#_c3230965"
      />
    </svg>
  </button>
</div>
`;
