// Jest Snapshot v1, https://goo.gl/fbAQLP

exports[`SchoolCard should render with required props 1`] = `
<Card
  className="SchoolCard"
  hasAnimationOnHover={false}
>
  <FrontSchoolCard
    cardFlipCallback={[Function]}
    hasHardwareIncluded={true}
    hasHousing={true}
    hasOnline={true}
    hasOnlyOnline={false}
    isFullTime={true}
    locations={
      Array [
        Object {
          "address1": "825 Battery Street",
          "address2": "3rd Floor",
          "city": "San Francisco",
          "va_accepted": true,
          "zip": "94111",
        },
      ]
    }
    logoSource="logoSource.com"
    name="school name"
    website="website.com"
  >
    <p>
      Testing!
    </p>
  </FrontSchoolCard>
</Card>
`;
