// Jest Snapshot v1, https://goo.gl/fbAQLP

exports[`SchoolCard should render with required props 1`] = `
<Card
  className="SchoolCard"
  hasAnimationOnHover={false}
>
  <FrontSchoolCard
    cardFlipCallback={[Function]}
    hasHardwareIncluded={true}
    hasHousing={true}
    hasOnline={true}
    hasOnlyOnline={false}
    isFullTime={true}
    locations={
      Array [
        Object {
          "address1": "825 Battery Street",
          "address2": "3rd Floor",
          "city": "San Francisco",
          "state": "CA",
          "va_accepted": true,
          "zip": 94111,
        },
        Object {
          "address1": "123Battery Street",
          "address2": "Ste 1",
          "city": "San Diego",
          "state": "CA",
          "va_accepted": false,
          "zip": 90111,
        },
      ]
    }
    logoSource="source"
    name="school name"
    website="website"
  />
</Card>
`;
