// Vitest Snapshot v1, https://vitest.dev/guide/snapshot.html

exports[`NavListItem > should render with required props passed 1`] = `
<li
  className="relative"
>
  <div
    className="h-full flex items-center justify-center"
  >
    <ForwardRef(LinkComponent)
      href="/test"
    >
      <a
        className="pt-1.5 h-full text-center text-secondary fill-current min-w-24 cursor-pointer flex items-center justify-center leading-none transition-all duration-200 ease-linear no-underline hover:text-primary focus-visible:text-primary"
        data-testid="Nav Item Test"
        onMouseEnter={[Function]}
        onMouseLeave={[Function]}
        role="link"
        tabIndex={0}
      >
        Test
      </a>
    </ForwardRef(LinkComponent)>
  </div>
</li>
`;
