// Vitest Snapshot v1, https://vitest.dev/guide/snapshot.html

exports[`NavListItem > should render with required props passed 1`] = `
<div>
  <li
    class="relative"
  >
    <div
      class="h-full flex items-center"
    >
      <a
        class="h-full pl-8 pr-2 w-30 text-secondary fill-current cursor-pointer inline-flex items-center justify-end leading-none transition-all duration-200 ease-linear no-underline hover:text-primary focus-visible:text-primary"
        data-testid="Nav Item Test"
        href="/test"
        role="link"
        tabindex="0"
      >
        Test
      </a>
    </div>
  </li>
</div>
`;
