// Vitest Snapshot v1, https://vitest.dev/guide/snapshot.html

exports[`ColorSection > should render with required props 1`] = `
<React.Fragment>
  <Content
    className=""
    columns={
      [
        <div>
          <h3
            className="text-center"
          >
            Primary
          </h3>
          <Swatch
            colorName="Primary"
            hexCode="#3ed6f0"
          />
        </div>,
        <div>
          <h3
            className="text-center"
          >
            Secondary
          </h3>
          <Swatch
            colorName="Secondary"
            hexCode="#252e3e"
          />
        </div>,
      ]
    }
    hasTitleUnderline={true}
    isFullViewportHeight={false}
    theme="white"
    title="Colors"
  />
  <Content
    className=""
    columns={
      [
        <Swatch
          colorName="gray"
          hexCode="#e2e2e2"
        />,
        <Swatch
          colorName="white"
          hexCode="#f7f7f7"
        />,
      ]
    }
    hasTitleUnderline={false}
    isFullViewportHeight={false}
    theme="white"
    title="Other On-Brand Colors"
  />
</React.Fragment>
`;
