// Vitest Snapshot v1, https://vitest.dev/guide/snapshot.html

exports[`ColorSection > should render with required props 1`] = `
<Content
  columns={
    [
      <Swatch
        colorName="primary"
        hexCode="#3ed6f0"
      />,
      <Swatch
        colorName="secondary"
        hexCode="#252e3e"
      />,
      <Swatch
        colorName="gray"
        hexCode="#e2e2e2"
      />,
      <Swatch
        colorName="white"
        hexCode="#f7f7f7"
      />,
      <Swatch
        colorName="burnt orange"
        hexCode="#b25134"
      />,
    ]
  }
  hasTitleUnderline={true}
  theme="white"
  title="Colors"
/>
`;
