// Vitest Snapshot v1, https://vitest.dev/guide/snapshot.html

exports[`UpgradeBrowserOverlay > should render with no props passed 1`] = `
<Modal
  canClose={false}
  className="rounded border-4 border-gray-500 p-5 text-center max-w-screen-xl"
  isOpen={true}
  onRequestClose={[Function]}
  overlayClassName="bg-secondary/80 backdrop-blur-sm"
  screenReaderLabel="Upgrade Your Browser"
>
  <ForwardRef
    className="fill-burnt-orange size-24"
  />
  <h1
    className="text-3xl"
  >
    Please Upgrade Your Browser
  </h1>
  <div
    className="py-2"
  >
    You might be experiencing some problems viewing this page. Use the links below to download or upgrade your existing browser for a seamless experience.
  </div>
  <div
    className="flex justify-around py-4"
  >
    <div
      className="group flex flex-col items-center justify-center font-bold p-2"
    >
      <span
        className="pb-2 group-hover:underline"
      >
        Microsoft Edge
      </span>
      <OutboundLink
        analyticsEventLabel="Microsoft Edge Download from <UpgradeBrowserOverlay>"
        hasIcon={false}
        href="https://www.microsoft.com/windows/microsoft-edge"
      >
        <MockedNextImage
          alt="Microsoft Edge Logo"
          height={100}
          src="https://operation-code-assets.s3.us-east-2.amazonaws.com/browserLogos/edge-icon.png"
          width={100}
        />
      </OutboundLink>
    </div>
    <div
      className="group flex flex-col items-center justify-center font-bold p-2"
    >
      <span
        className="pb-2 group-hover:underline"
      >
        Google Chrome
      </span>
      <OutboundLink
        analyticsEventLabel="Google Chrome Download from <UpgradeBrowserOverlay>"
        hasIcon={false}
        href="https://www.google.com/chrome"
      >
        <MockedNextImage
          alt="Google Chrome Logo"
          height={100}
          src="https://operation-code-assets.s3.us-east-2.amazonaws.com/browserLogos/chrome-icon.png"
          width={100}
        />
      </OutboundLink>
    </div>
    <div
      className="group flex flex-col items-center justify-center font-bold p-2"
    >
      <span
        className="pb-2 group-hover:underline"
      >
        Mozilla Firefox
      </span>
      <OutboundLink
        analyticsEventLabel="Mozilla Firefox Download from <UpgradeBrowserOverlay>"
        hasIcon={false}
        href="https://www.mozilla.org/firefox/new"
      >
        <MockedNextImage
          alt="Mozilla Firefox Logo"
          height={100}
          src="https://operation-code-assets.s3.us-east-2.amazonaws.com/browserLogos/firefox-icon.png"
          width={100}
        />
      </OutboundLink>
    </div>
    <div
      className="group flex flex-col items-center justify-center font-bold p-2"
    >
      <span
        className="pb-2 group-hover:underline"
      >
        Safari
      </span>
      <OutboundLink
        analyticsEventLabel="Safari Download from <UpgradeBrowserOverlay>"
        hasIcon={false}
        href="https://support.apple.com/downloads/safari"
      >
        <MockedNextImage
          alt="Safari Logo"
          height={100}
          src="https://operation-code-assets.s3.us-east-2.amazonaws.com/browserLogos/safari-icon.png"
          width={100}
        />
      </OutboundLink>
    </div>
  </div>
</Modal>
`;
