// Jest Snapshot v1, https://goo.gl/fbAQLP

exports[`UpgradeBrowserOverlay should render with no props passed 1`] = `
<Modal
  className="UpgradeBrowserOverlay"
  isOpen={true}
  onRequestClose={[Function]}
  overlayClassName="overlay"
  screenReaderLabel="Upgrade Your Browser"
  shouldCloseOnOverlayClick={false}
>
  <Svg
    className="warningLogo"
  />
  <h1>
    Please Upgrade Your Browser
  </h1>
  <div
    className="message"
  >
    You might be experiencing some problems viewing this page. Use the links below to download or upgrade your existing browser for a seamless experience.
  </div>
  <div
    className="browsersList"
  >
    <div
      className="browser"
    >
      <span
        className="browserName"
      >
        Microsoft Edge
      </span>
      <OutboundLink
        analyticsEventLabel="Microsoft Edge Download from <UpgradeBrowserOverlay>"
        hasIcon={false}
        href="https://www.microsoft.com/windows/microsoft-edge"
      >
        <img
          alt="Microsoft Edge Logo"
          className="browserImage"
          src="https://operation-code-assets.s3.us-east-2.amazonaws.com/browserLogos/edge-icon.png"
        />
      </OutboundLink>
    </div>
    <div
      className="browser"
    >
      <span
        className="browserName"
      >
        Google Chrome
      </span>
      <OutboundLink
        analyticsEventLabel="Google Chrome Download from <UpgradeBrowserOverlay>"
        hasIcon={false}
        href="https://www.google.com/chrome"
      >
        <img
          alt="Google Chrome Logo"
          className="browserImage"
          src="https://operation-code-assets.s3.us-east-2.amazonaws.com/browserLogos/chrome-icon.png"
        />
      </OutboundLink>
    </div>
    <div
      className="browser"
    >
      <span
        className="browserName"
      >
        Mozilla Firefox
      </span>
      <OutboundLink
        analyticsEventLabel="Mozilla Firefox Download from <UpgradeBrowserOverlay>"
        hasIcon={false}
        href="https://www.mozilla.org/firefox/new"
      >
        <img
          alt="Mozilla Firefox Logo"
          className="browserImage"
          src="https://operation-code-assets.s3.us-east-2.amazonaws.com/browserLogos/firefox-icon.png"
        />
      </OutboundLink>
    </div>
    <div
      className="browser"
    >
      <span
        className="browserName"
      >
        Safari
      </span>
      <OutboundLink
        analyticsEventLabel="Safari Download from <UpgradeBrowserOverlay>"
        hasIcon={false}
        href="https://support.apple.com/downloads/safari"
      >
        <img
          alt="Safari Logo"
          className="browserImage"
          src="https://operation-code-assets.s3.us-east-2.amazonaws.com/browserLogos/safari-icon.png"
        />
      </OutboundLink>
    </div>
  </div>
</Modal>
`;
