// Jest Snapshot v1, https://goo.gl/fbAQLP

exports[`ValueCard should render with required props 1`] = `
<article
  className="items-center bg-white [&_svg]:fill-secondary text-secondary flex flex-col flex-nowrap justify-around m-4 min-h-[100px] min-w-[100px] p-6 shadow-md focus-visible:outline-none !justify-start max-w-[400px] h-[400px] p-8 overflow-y-auto"
>
  <h3
    className="text-center underline"
  >
    Testing
  </h3>
  <p>
    Testing is good for the soul and scientifically proven to make puppies happy.
  </p>
</article>
`;
