// Jest Snapshot v1, https://goo.gl/fbAQLP

exports[`Content should render with many props assigned 1`] = `
<div
  className="bg-center bg-no-repeat bg-cover flex items-center justify-center min-h-[250px] w-full fill-current bg-secondary text-white [& svg]:fill-white min-h-screen"
  id="test-id"
>
  <div
    className="flex flex-col items-center justify-center my-14 mx-auto w-full max-w-[1400px] sm:w-[85%]"
  >
    <div
      className="headingContainer"
    >
      <h3
        className="Heading underline"
      >
        <div
          className="hashLinkContainer"
          data-testid="Heading Content testing-link"
        >
          <a
            data-testid="Hash Link"
            href="#testing-link"
            id="testing-link"
          >
            <span
              className="ScreenReaderOnly"
              data-testid="SCREEN_READER_ONLY"
            >
              Scroll Link for 
              Testing!
            </span>
            <svg
              className="icon"
            />
          </a>
          Testing!
        </div>
      </h3>
    </div>
    <div
      className="columnsContainer"
    >
      <div>
        <p>
          some multi-column test content
        </p>
      </div>
      <h6>
        OH YEAH!!
      </h6>
      <aside>
        Testing...
      </aside>
    </div>
  </div>
</div>
`;

exports[`Content should render with required props 1`] = `
<div
  className="bg-center bg-no-repeat bg-cover flex items-center justify-center min-h-[250px] w-full fill-current bg-secondary text-white [& svg]:fill-white"
>
  <div
    className="flex flex-col items-center justify-center my-14 mx-auto w-full max-w-[1400px] sm:w-[85%]"
  >
    <div
      className="columnsContainer"
    >
      <div>
        <p>
          some test content
        </p>
      </div>
    </div>
  </div>
</div>
`;
