// Jest Snapshot v1, https://goo.gl/fbAQLP

exports[`Content should render with many props assigned 1`] = `
<div
  className="Container secondary fullViewportHeight"
  id="test-id"
>
  <div
    className="content"
  >
    <div
      className="headingContainer"
    >
      <span
        className="anchor customAnchorClass"
        id="testing"
      />
      <div
        className="hashLinkContainer"
      >
        <a
          data-testid="Hash Link"
          href="#testing"
        >
          <svg
            className="icon"
          />
          <span
            className="ScreenReaderOnly"
          >
            Scroll Link
          </span>
        </a>
      </div>
      <h3
        className="secondary Heading title underline headingTextWithLinkIconOffset"
      >
        Testing!
      </h3>
    </div>
    <div
      className="columnsContainer"
    >
      <div>
        <p>
          some multi-column test content
        </p>
      </div>
      <h6>
        OH YEAH!!
      </h6>
      <aside>
        Testing...
      </aside>
    </div>
  </div>
</div>
`;

exports[`Content should render with required props 1`] = `
<div
  className="Container secondary"
>
  <div
    className="content"
  >
    <div
      className="columnsContainer"
    >
      <div>
        <p>
          some test content
        </p>
      </div>
    </div>
  </div>
</div>
`;
