// Jest Snapshot v1, https://goo.gl/fbAQLP

exports[`FontSection should render with required props 1`] = `
<Content
  className=""
  columns={
    Array [
      <ul
        className="list-none w-full [&>li]:m-4"
      >
        <li>
          <div
            className="[&>p]:font-serif [&>h6]:font-serif [&>p]:font-primaryFontFamily [&>h6]:font-primaryFontFamily"
          >
            <h6
              style={
                Object {
                  "fontFamily": "DIN Condensed Bold",
                }
              }
            >
              DIN Condensed Bold
            </h6>
            <p
              style={
                Object {
                  "fontFamily": "DIN Condensed Bold",
                }
              }
            >
              Sphinx of black quartz, judge my vow!
            </p>
          </div>
        </li>
        <li>
          <div
            className="[&>p]:font-sans [&>p]:font-secondaryFontFamily [&>h6]:font-sans [&>h6]:font-secondaryFontFamily"
          >
            <h6
              style={
                Object {
                  "fontFamily": "Encode Sans",
                }
              }
            >
              Encode Sans
            </h6>
            <p
              style={
                Object {
                  "fontFamily": "Encode Sans",
                }
              }
            >
              Sphinx of black quartz, judge my vow!
            </p>
          </div>
        </li>
      </ul>,
    ]
  }
  hasTitleUnderline={true}
  isFullViewportHeight={false}
  theme="gray"
  title="Typography"
/>
`;
