// Vitest Snapshot v1, https://vitest.dev/guide/snapshot.html

exports[`FontSection > should render with required props 1`] = `
<Content
  columns={
    [
      <ul
        className="list-none [&>li]:m-4 mx-auto"
      >
        <li>
          <div
            className="[&>p]:font-din-condensed [&>h6]:font-din-condensed"
          >
            <h6>
              DIN Condensed Bold
            </h6>
            <p>
              Sphinx of black quartz, judge my vow!
            </p>
          </div>
        </li>
        <li>
          <div
            className="[&>p]:font-encode-sans [&>h6]:font-encode-sans"
          >
            <h6>
              Encode Sans
            </h6>
            <p>
              Sphinx of black quartz, judge my vow!
            </p>
          </div>
        </li>
      </ul>,
    ]
  }
  hasTitleUnderline={true}
  theme="gray"
  title="Typography"
/>
`;
