// Jest Snapshot v1, https://goo.gl/fbAQLP

exports[`Question should render properly with required props 1`] = `
<div
  className="accordionSingle"
>
  <input
    className="accordionSingleHidden"
    id="How do I test things?"
    type="checkbox"
  />
  <label
    className="accordionSingleQuestion"
    htmlFor="How do I test things?"
  >
    How do I test things?
  </label>
  <p
    className="accordionSingleAnswer"
  >
    Like so!
  </p>
</div>
`;
