// Vitest Snapshot v1, https://vitest.dev/guide/snapshot.html

exports[`TimelineEvent > should render with required props 1`] = `
<div
  className="mb-8 p-5 rounded-md"
>
  <h4
    className="capitalize md:text-2xl"
  >
    test title
  </h4>
  <div>
    here is some test content
  </div>
</div>
`;
