// Jest Snapshot v1, https://goo.gl/fbAQLP

exports[`NavMobile should render 1`] = `
<header
  className="NavMobile"
>
  <Link
    href="/"
    prefetch={false}
  >
    <button
      aria-label="Mobile Navigation Button"
      className="button logoButton"
      name="dropdown"
      role="button"
      type="button"
    >
      <img
        alt="Operation Code Logo"
        className="logo"
        src="https://operation-code-assets.s3.us-east-2.amazonaws.com/branding/logos/small-blue-logo.png"
      />
    </button>
  </Link>
  <button
    aria-label="Mobile Navigation Button"
    className="button hamburger"
    name="dropdown"
    onClick={[Function]}
    role="button"
    type="button"
  >
    <ScreenReaderOnly>
      Open Menu
    </ScreenReaderOnly>
    <Svg
      aria-label="Mobile Navigation Trigger"
      className="hamburgerIcon"
    />
  </button>
</header>
`;
