// Vitest Snapshot v1, https://vitest.dev/guide/snapshot.html

exports[`Container > should render with many props assigned 1`] = `
<div>
  <div
    class="bg-center bg-no-repeat bg-cover flex items-center justify-between w-full px-4 md:px-0 fill-current min-h-62.5 bg-white text-secondary test-class"
    style="background-image: linear-gradient(rgba(18, 24, 33, 0.7), rgba(18, 24, 33, 0.7)), url("https://operation-code-assets.s3.us-east-2.amazonaws.com/heroBanner/stock_family-2.jpg");"
  >
    <div
      class="mx-auto my-14 flex w-full max-w-350 flex-col items-center justify-center sm:w-[85%]"
    >
      Test Children
    </div>
  </div>
</div>
`;
