// Jest Snapshot v1, https://goo.gl/fbAQLP

exports[`PartnerLogoLink should render with required props 1`] = `
<div
  className="PartnerLogoLink"
>
  <a
    href="https://partnerinc.com"
    onClick={[Function]}
    rel="noopener noreferrer"
    target="_blank"
  >
    <noscript>
      <img
        alt="Partner Inc. logo"
        className="logo"
        src="https://partnerinc.com/logo"
      />
    </noscript>
    <img
      alt="Partner Inc. logo"
      className="logo"
      data-src="https://partnerinc.com/logo"
    />
    <span
      className="ScreenReaderOnly"
      data-testid="SCREEN_READER_ONLY"
    >
      Opens in new window
    </span>
  </a>
</div>
`;
