// Vitest Snapshot v1, https://vitest.dev/guide/snapshot.html

exports[`PressVideos > should render with no props passed 1`] = `
<div
  className="pressVideos"
>
  <iframe
    allowFullScreen={true}
    frameBorder="0"
    height="425"
    src="https://www.youtube.com/embed/xN7yMoe38xc"
    title="GitHub Universe: Operation Code"
    width="755"
  />
  <iframe
    allowFullScreen={true}
    frameBorder="0"
    height="425"
    src="https://player.vimeo.com/video/124866675?byline=0&portrait=0"
    title="GitHub Universe: Operation Code"
    width="755"
  />
</div>
`;
