// Jest Snapshot v1, https://goo.gl/fbAQLP

exports[`SocialMediaItem should render with required props 1`] = `
<div
  className="SocialMediaItem"
>
  <a
    href="https://facebook.com"
    onClick={[Function]}
    rel="noopener noreferrer"
    target="_blank"
  >
    <span
      className="ScreenReaderOnly"
      data-testid="SCREEN_READER_ONLY"
    >
      Operation Code's 
      Facebook
    </span>
    <svg />
    <span
      className="ScreenReaderOnly"
      data-testid="SCREEN_READER_ONLY"
    >
      Opens in new window
    </span>
  </a>
</div>
`;
