// Vitest Snapshot v1, https://vitest.dev/guide/snapshot.html

exports[`UpdateProfileForm/Steps/MilitaryStatus > should render in context of Formik 1`] = `
<form
  noValidate={true}
  onReset={[Function]}
  onSubmit={[Function]}
>
  <div
    className="row"
  >
    <div
      className="Alert warning"
      data-testid="ALERT"
      role="alert"
    >
      <span>
        Please note that many of our services are only for veterans or their spouses.
      </span>
    </div>
    <p>
      We welcome anyone to join Operation Code! How do you classify yourself in regards to being part of the military?
    </p>
    <div
      className="row"
    >
      <input
        className="fullWidth"
        isMulti={true}
        label="Military Status*"
        name="militaryAffiliation"
        onBlur={[Function]}
        onChange={[Function]}
        options={
          [
            {
              "label": "Non-Military / Civilian",
              "value": "Non-Military / Civilian",
            },
            {
              "label": "Active Duty U.S. Military Service Member",
              "value": "Active Duty U.S. Military Service Member",
            },
            {
              "label": "Non-U.S. Military (current or Veteran)",
              "value": "Non-U.S. Military (current or Veteran)",
            },
            {
              "label": "Military family member (non-spouse)",
              "value": "Military family member (non-spouse)",
            },
            {
              "label": "Military spouse",
              "value": "Military spouse",
            },
            {
              "label": "U.S. Reserve or National Guard member",
              "value": "U.S. Reserve or National Guard member",
            },
            {
              "label": "U.S. Veteran",
              "value": "U.S. Veteran",
            },
          ]
        }
        value={[]}
      />
    </div>
  </div>
</form>
`;
