// Vitest Snapshot v1, https://vitest.dev/guide/snapshot.html

exports[`UpdateProfileForm/Steps/ProfessionalDetails > should render in context of Formik 1`] = `
<form
  noValidate={true}
  onReset={[Function]}
  onSubmit={[Function]}
>
  <div
    className="row"
  >
    <input
      className="fullWidth"
      label="Employment Status*"
      name="employmentStatus"
      onBlur={[Function]}
      onChange={[Function]}
      options={
        [
          {
            "label": "Employed Full-Time",
            "value": "Full-Time",
          },
          {
            "label": "Employed Part-Time",
            "value": "Part-Time",
          },
          {
            "label": "Currently Unemployed",
            "value": "Unemployed",
          },
        ]
      }
      value=""
    />
    <div
      className="field"
      data-testid="INPUT"
    >
      <label
        className="text-themeSecondary text-sm"
        data-testid="LABEL"
        htmlFor="companyName"
      >
        Company Name
      </label>
      <div
        className="inputFeedbackGrouping"
        data-testid="INPUT_FEEDBACK_GROUPING"
      >
        <input
          className="Input"
          id="companyName"
          name="companyName"
          onBlur={[Function]}
          onChange={[Function]}
          type="text"
          value=""
        />
      </div>
    </div>
    <div
      className="field"
      data-testid="INPUT"
    >
      <label
        className="text-themeSecondary text-sm"
        data-testid="LABEL"
        htmlFor="companyRole"
      >
        Company Role
      </label>
      <div
        className="inputFeedbackGrouping"
        data-testid="INPUT_FEEDBACK_GROUPING"
      >
        <input
          className="Input"
          id="companyRole"
          name="companyRole"
          onBlur={[Function]}
          onChange={[Function]}
          type="text"
          value=""
        />
      </div>
    </div>
  </div>
</form>
`;
