// Vitest Snapshot v1, https://vitest.dev/guide/snapshot.html

exports[`UpdateProfileForm/Steps/Technology > should render in context of Formik 1`] = `
<form
  noValidate={true}
  onReset={[Function]}
  onSubmit={[Function]}
>
  <div
    className="row"
  >
    <input
      className="fullWidth"
      isMulti={true}
      label="Programming Languages That Interest You"
      name="programmingLanguages"
      onBlur={[Function]}
      onChange={[Function]}
      options={
        [
          {
            "label": "JavaScript",
            "value": "JavaScript",
          },
          {
            "label": "Python",
            "value": "Python",
          },
          {
            "label": "Java",
            "value": "Java",
          },
          {
            "label": "C# / .NET",
            "value": "C# / .NET",
          },
          {
            "label": "Ruby",
            "value": "Ruby",
          },
          {
            "label": "C",
            "value": "C",
          },
          {
            "label": "Go",
            "value": "Go",
          },
          {
            "label": "Swift",
            "value": "Swift",
          },
          {
            "label": "Kotlin",
            "value": "Kotlin",
          },
        ]
      }
      placeholder="Select at least one..."
      value={[]}
    />
    <input
      className="fullWidth"
      isMulti={true}
      label="Disciplines That Interest You"
      name="disciplines"
      onBlur={[Function]}
      onChange={[Function]}
      options={
        [
          {
            "label": "Web Developer",
            "value": "Web Developer",
          },
          {
            "label": "Front-End Developer",
            "value": "Front-End Developer",
          },
          {
            "label": "Back-End Developer",
            "value": "Back-End Developer",
          },
          {
            "label": "Full-Stack Developer",
            "value": "Full-Stack Developer",
          },
          {
            "label": "Mobile: iOS",
            "value": "Mobile: iOS",
          },
          {
            "label": "Mobile: Android",
            "value": "Mobile: Android",
          },
          {
            "label": "Information Technology / System Administration",
            "value": "Information Technology / System Administration",
          },
          {
            "label": "Cyber Security",
            "value": "Cyber Security",
          },
          {
            "label": "Data Science",
            "value": "Data Science",
          },
          {
            "label": "Designer",
            "value": "Designer",
          },
          {
            "label": "Product Management",
            "value": "Product Management",
          },
          {
            "label": "Agile / Scrum Management",
            "value": "Agile / Scrum Management",
          },
        ]
      }
      placeholder="Select at least one..."
      value={[]}
    />
  </div>
</form>
`;
