// Vitest Snapshot v1, https://vitest.dev/guide/snapshot.html

exports[`UpdateProfileForm/Steps/Technology > should render in context of Formik 1`] = `
<form
  noValidate={true}
  onReset={[Function]}
  onSubmit={[Function]}
>
  <div
    className="row"
  >
    <div
      className="field"
    >
      <label
        className="text-themeSecondary text-sm"
        data-testid="LABEL"
        htmlFor="programmingLanguages"
      >
        Programming Languages That Interest You
      </label>
      <div
        className="selectFeedbackGrouping"
      >
        <div
          className="fullWidth css-b62m3t-container"
          onKeyDown={[Function]}
        >
          <span
            className="css-1f43avz-a11yText-A11yText"
            id="react-select-programmingLanguages-live-region"
          />
          <span
            aria-atomic="false"
            aria-live="polite"
            aria-relevant="additions text"
            className="css-1f43avz-a11yText-A11yText"
            role="log"
          />
          <div
            className=" css-8olv4-control"
            onMouseDown={[Function]}
            onTouchEnd={[Function]}
          >
            <div
              className=" css-art2ul-ValueContainer2"
            >
              <div
                className=" css-1jqq78o-placeholder"
                id="react-select-programmingLanguages-placeholder"
              >
                Select at least one...
              </div>
              <div
                className=" css-w9q2zk-Input2"
                data-value=""
              >
                <input
                  aria-activedescendant=""
                  aria-autocomplete="list"
                  aria-describedby="react-select-programmingLanguages-placeholder"
                  aria-expanded={false}
                  aria-haspopup={true}
                  autoCapitalize="none"
                  autoComplete="off"
                  autoCorrect="off"
                  className=""
                  disabled={false}
                  id="react-select-programmingLanguages-input"
                  onBlur={[Function]}
                  onChange={[Function]}
                  onFocus={[Function]}
                  role="combobox"
                  spellCheck="false"
                  style={
                    {
                      "background": 0,
                      "border": 0,
                      "color": "inherit",
                      "font": "inherit",
                      "gridArea": "1 / 2",
                      "label": "input",
                      "margin": 0,
                      "minWidth": "2px",
                      "opacity": 1,
                      "outline": 0,
                      "padding": 0,
                      "width": "100%",
                    }
                  }
                  tabIndex={0}
                  type="text"
                  value=""
                />
              </div>
            </div>
            <div
              className=" css-4xgw5l-IndicatorsContainer2"
            >
              <span
                className=" css-1u9des2-indicatorSeparator"
              />
              <div
                aria-hidden="true"
                className=" css-itfj09-indicatorContainer"
                onMouseDown={[Function]}
                onTouchEnd={[Function]}
              >
                <svg
                  aria-hidden="true"
                  className="css-tj5bde-Svg"
                  focusable="false"
                  height={20}
                  viewBox="0 0 20 20"
                  width={20}
                >
                  <path
                    d="M4.516 7.548c0.436-0.446 1.043-0.481 1.576 0l3.908 3.747 3.908-3.747c0.533-0.481 1.141-0.446 1.574 0 0.436 0.445 0.408 1.197 0 1.615-0.406 0.418-4.695 4.502-4.695 4.502-0.217 0.223-0.502 0.335-0.787 0.335s-0.57-0.112-0.789-0.335c0 0-4.287-4.084-4.695-4.502s-0.436-1.17 0-1.615z"
                  />
                </svg>
              </div>
            </div>
          </div>
          <div>
            <input
              name="programmingLanguages"
              type="hidden"
              value=""
            />
          </div>
        </div>
      </div>
    </div>
  </div>
  <div
    className="row"
  >
    <div
      className="field"
    >
      <label
        className="text-themeSecondary text-sm"
        data-testid="LABEL"
        htmlFor="disciplines"
      >
        Disciplines That Interest You
      </label>
      <div
        className="selectFeedbackGrouping"
      >
        <div
          className="fullWidth css-b62m3t-container"
          onKeyDown={[Function]}
        >
          <span
            className="css-1f43avz-a11yText-A11yText"
            id="react-select-disciplines-live-region"
          />
          <span
            aria-atomic="false"
            aria-live="polite"
            aria-relevant="additions text"
            className="css-1f43avz-a11yText-A11yText"
            role="log"
          />
          <div
            className=" css-8olv4-control"
            onMouseDown={[Function]}
            onTouchEnd={[Function]}
          >
            <div
              className=" css-art2ul-ValueContainer2"
            >
              <div
                className=" css-1jqq78o-placeholder"
                id="react-select-disciplines-placeholder"
              >
                Select at least one...
              </div>
              <div
                className=" css-w9q2zk-Input2"
                data-value=""
              >
                <input
                  aria-activedescendant=""
                  aria-autocomplete="list"
                  aria-describedby="react-select-disciplines-placeholder"
                  aria-expanded={false}
                  aria-haspopup={true}
                  autoCapitalize="none"
                  autoComplete="off"
                  autoCorrect="off"
                  className=""
                  disabled={false}
                  id="react-select-disciplines-input"
                  onBlur={[Function]}
                  onChange={[Function]}
                  onFocus={[Function]}
                  role="combobox"
                  spellCheck="false"
                  style={
                    {
                      "background": 0,
                      "border": 0,
                      "color": "inherit",
                      "font": "inherit",
                      "gridArea": "1 / 2",
                      "label": "input",
                      "margin": 0,
                      "minWidth": "2px",
                      "opacity": 1,
                      "outline": 0,
                      "padding": 0,
                      "width": "100%",
                    }
                  }
                  tabIndex={0}
                  type="text"
                  value=""
                />
              </div>
            </div>
            <div
              className=" css-4xgw5l-IndicatorsContainer2"
            >
              <span
                className=" css-1u9des2-indicatorSeparator"
              />
              <div
                aria-hidden="true"
                className=" css-itfj09-indicatorContainer"
                onMouseDown={[Function]}
                onTouchEnd={[Function]}
              >
                <svg
                  aria-hidden="true"
                  className="css-tj5bde-Svg"
                  focusable="false"
                  height={20}
                  viewBox="0 0 20 20"
                  width={20}
                >
                  <path
                    d="M4.516 7.548c0.436-0.446 1.043-0.481 1.576 0l3.908 3.747 3.908-3.747c0.533-0.481 1.141-0.446 1.574 0 0.436 0.445 0.408 1.197 0 1.615-0.406 0.418-4.695 4.502-4.695 4.502-0.217 0.223-0.502 0.335-0.787 0.335s-0.57-0.112-0.789-0.335c0 0-4.287-4.084-4.695-4.502s-0.436-1.17 0-1.615z"
                  />
                </svg>
              </div>
            </div>
          </div>
          <div>
            <input
              name="disciplines"
              type="hidden"
              value=""
            />
          </div>
        </div>
      </div>
    </div>
  </div>
</form>
`;
