// Vitest Snapshot v1, https://vitest.dev/guide/snapshot.html

exports[`SocialMedia > should render with no props passed passed 1`] = `
<div
  className="flex flex-row items-center justify-around [&_svg]:fill-white [&_svg]:text-white [&_svg]:size-6"
>
  <SocialMediaItem
    href="https://facebook.com/operationcode.org"
    name="Facebook"
    svg={<ForwardRef />}
  />
  <SocialMediaItem
    href="https://www.instagram.com/operation_code/"
    name="Instagram"
    svg={<ForwardRef />}
  />
  <SocialMediaItem
    href="https://www.youtube.com/channel/UCAoJt4a_KEBmgXfoQUrNbSA"
    name="YouTube"
    svg={<ForwardRef />}
  />
  <SocialMediaItem
    href="https://www.linkedin.com/company/operationcode/"
    name="LinkedIn"
    svg={<ForwardRef />}
  />
  <SocialMediaItem
    href="https://github.com/OperationCode/"
    name="GitHub"
    svg={<ForwardRef />}
  />
</div>
`;
