// Jest Snapshot v1, https://goo.gl/fbAQLP

exports[`SocialMedia it should render properly with no props 1`] = `
<SocialMediaContainer>
  <SocialMediaItem
    alt="Facebook"
    href="https://facebook.com/operationcode.org"
    svg={
      <test-file-mock
        className="logo"
      />
    }
  />
  <SocialMediaItem
    alt="GitHub"
    href="https://github.com/operationcode"
    svg={
      <test-file-mock
        className="logo"
      />
    }
  />
  <SocialMediaItem
    alt="Twitter"
    href="https://twitter.com/operation_code"
    svg={
      <test-file-mock
        className="logo"
      />
    }
  />
  <SocialMediaItem
    alt="LinkedIn"
    href="https://www.linkedin.com/groups/13400924"
    svg={
      <test-file-mock
        className="logo"
      />
    }
  />
  <SocialMediaItem
    alt="Pinterest"
    href="https://www.pinterest.com/operationcode/"
    svg={
      <test-file-mock
        className="logo"
      />
    }
  />
</SocialMediaContainer>
`;
