// Jest Snapshot v1, https://goo.gl/fbAQLP

exports[`SocialMedia should render with no props passed passed 1`] = `
<SocialMediaContainer>
  <SocialMediaItem
    href="https://facebook.com/operationcode.org"
    name="Facebook"
    svg={
      <Svg
        className="logo"
      />
    }
  />
  <SocialMediaItem
    href="https://twitter.com/operation_code"
    name="Twitter"
    svg={
      <Svg
        className="logo"
      />
    }
  />
  <SocialMediaItem
    href="https://www.instagram.com/operation_code/"
    name="Instagram"
    svg={
      <Svg
        className="logo"
      />
    }
  />
  <SocialMediaItem
    href="https://www.linkedin.com/school/operationcode/"
    name="LinkedIn"
    svg={
      <Svg
        className="logo"
      />
    }
  />
  <SocialMediaItem
    href="https://github.com/OperationCode/"
    name="GitHub"
    svg={
      <Svg
        className="logo"
      />
    }
  />
</SocialMediaContainer>
`;
