// Vitest Snapshot v1, https://vitest.dev/guide/snapshot.html

exports[`Form > should render within the context of Formik 1`] = `
<form
  noValidate={true}
  onReset={[Function]}
  onSubmit={[Function]}
>
  <input
    id="test"
    label="label"
    name="test"
    onBlur={[Function]}
    onChange={[Function]}
  />
  ,
</form>
`;
