// Vitest Snapshot v1, https://vitest.dev/guide/snapshot.html

exports[`Modal > should render with many props assigned 1`] = `
<body>
  <div
    aria-hidden="true"
    data-base-ui-inert=""
  />
  <div
    data-base-ui-portal=""
    id="_r_4_"
  >
    <div
      aria-hidden="true"
      data-base-ui-inert=""
      role="presentation"
      style="position: fixed; inset: 0; user-select: none;"
    />
    <div
      aria-hidden="true"
      class="fixed inset-0 z-2 bg-white/50"
      data-base-ui-inert=""
      data-open=""
      data-testid="MODAL_OVERLAY"
      role="presentation"
      style="user-select: none;"
    />
    <span
      data-base-ui-focus-guard=""
      data-base-ui-inert=""
      data-type="inside"
      role="button"
      style="clip-path: inset(50%); overflow: hidden; white-space: nowrap; border: 0px; padding: 0px; width: 1px; height: 1px; margin: -1px; position: fixed; top: 0px; left: 0px;"
      tabindex="0"
    />
    <div
      aria-labelledby="base-ui-_r_5_"
      class="outline-none bg-white text-secondary flex flex-col flex-nowrap m-4 min-h-24 min-w-24 p-6 fixed items-center justify-center overflow-hidden w-4/5 top-1/2 left-1/2 -translate-x-1/2 -translate-y-1/2 z-2 shadow-md rounded-xl test-class"
      data-base-ui-focusable=""
      data-open=""
      id="_r_2_"
      role="dialog"
      style="--nested-dialogs: 0;"
      tabindex="-1"
    >
      <button
        class="group bg-transparent h-5 w-5 absolute top-4 right-4 border-none z-1 text-secondary"
        data-testid="CLOSE_BUTTON"
        type="button"
      >
        <span
          class="sr-only"
          data-testid="SCREEN_READER_ONLY"
        >
          Close
        </span>
        <svg
          class="fill-current transform rotate-45 transition-transform duration-200 ease-linear group-hover:rotate-135"
          viewBox="0 0 500 500"
        >
          <symbol
            id="_c3230965"
            viewBox="0 0 500 500"
            xmlns="http://www.w3.org/2000/svg"
          >
            <title>
              Plus Symbol
            </title>
            <path
              d="M500 200H300V0H200v200H0v100h200v200h100V300h200V200z"
            />
          </symbol>
          <use
            href="#_c3230965"
          />
        </svg>
      </button>
      <h2
        class="sr-only"
        id="base-ui-_r_5_"
      >
        Test
      </h2>
      <div
        data-testid="MODAL_CONTENT"
      >
        Test
      </div>
    </div>
    <span
      data-base-ui-focus-guard=""
      data-base-ui-inert=""
      data-type="inside"
      role="button"
      style="clip-path: inset(50%); overflow: hidden; white-space: nowrap; border: 0px; padding: 0px; width: 1px; height: 1px; margin: -1px; position: fixed; top: 0px; left: 0px;"
      tabindex="0"
    />
  </div>
</body>
`;

exports[`Modal > should render with required props 1`] = `
<body>
  <div />
</body>
`;
