// Jest Snapshot v1, https://goo.gl/fbAQLP

exports[`Footer should render with no props passed 1`] = `
<footer
  className="Footer"
>
  <div
    className="footerWrapper row"
  >
    <div
      className="footerGrouping socialGrouping"
    >
      <div
        className="logoGrouping"
      >
        <img
          alt="Operation Code Logo"
          src="https://operation-code-assets.s3.us-east-2.amazonaws.com/branding/logos/small-blue-logo.png"
        />
      </div>
      <div
        className="capitalize marginBottom"
      >
        Connect With Us!
      </div>
      <SocialMedia />
    </div>
    <div
      className="footerGrouping linksGrouping capitalize"
    >
      <div
        className="linksRow"
      >
        <ul
          className="linksColumn"
        >
          <li>
            <Link
              href="/about"
              prefetch={false}
            >
              <a>
                About Us
              </a>
            </Link>
          </li>
          <li>
            <Link
              href="/contact"
              prefetch={false}
            >
              <a>
                Contact Us
              </a>
            </Link>
          </li>
          <li>
            <Link
              href="/faq"
              prefetch={false}
            >
              <a>
                FAQ
              </a>
            </Link>
          </li>
        </ul>
        <ul
          className="linksColumn"
        >
          <li>
            <Link
              href="/code_schools"
              prefetch={false}
            >
              <a>
                Code Schools
              </a>
            </Link>
          </li>
          <li>
            <Link
              href="/jobs"
              prefetch={false}
            >
              <a>
                Job Board
              </a>
            </Link>
          </li>
          <li>
            <Link
              href="/events"
              prefetch={false}
            >
              <a>
                Events
              </a>
            </Link>
          </li>
          <li>
            <Link
              href="/who_we_serve"
              prefetch={false}
            >
              <a>
                Who We Serve
              </a>
            </Link>
          </li>
        </ul>
      </div>
      <div
        className="linksRow"
      >
        <ul
          className="linksColumn"
        >
          <li>
            <Link
              href="/get_involved"
              prefetch={false}
            >
              <a>
                Get Involved
              </a>
            </Link>
          </li>
          <li>
            <Link
              href="/history"
              prefetch={false}
            >
              <a>
                History
              </a>
            </Link>
          </li>
          <li>
            <OutboundLink
              analyticsEventLabel="Donate footer link"
              hasIcon={false}
              href="https://secure.lglforms.com/form_engine/s/BRtP7QUKyHOyEYsZROsRew"
            >
              Donate
            </OutboundLink>
          </li>
        </ul>
        <ul
          className="linksColumn"
        >
          <li>
            <Link
              href="/press"
              prefetch={false}
            >
              <a>
                Press
              </a>
            </Link>
          </li>
          <li>
            <Link
              href="/branding"
              prefetch={false}
            >
              <a>
                Branding
              </a>
            </Link>
          </li>
          <li>
            <Link
              href="/team"
              prefetch={false}
            >
              <a>
                Team
              </a>
            </Link>
          </li>
        </ul>
      </div>
    </div>
  </div>
  <div
    className="row legalGrouping"
  >
    <div
      className="row copyright"
    >
      Copyright 
      2019
       Operation Code™
    </div>
    <div
      className="row legalLinks"
    >
      <Link
        href="/terms"
        prefetch={false}
      >
        <a
          className="lineHeightFix"
        >
          Terms of Use
        </a>
      </Link>
      <OutboundLink
        analyticsEventLabel="Privacy footer link"
        hasIcon={true}
        href="https://www.iubenda.com/privacy-policy/8174861"
      >
        Privacy
      </OutboundLink>
    </div>
  </div>
</footer>
`;
