// Vitest Snapshot v1, https://vitest.dev/guide/snapshot.html

exports[`Footer > should render with no props passed 1`] = `
<footer
  className="pt-12 pb-40 md:py-8"
>
  <div>
    <div
      className="flex flex-col items-center pb-6"
    >
      <ForwardRef(LinkComponent)
        href="/"
      >
        <ForwardRef
          className="cursor-pointer"
          fill="#252e3e"
          style={
            {
              "height": 60,
              "width": 318,
            }
          }
        />
      </ForwardRef(LinkComponent)>
      <h6
        className="mb-2"
      >
        Connect With Us!
      </h6>
      <SocialMedia />
    </div>
    <div
      className="text-center mb-4"
    >
      <OutboundLink
        analyticsEventLabel="Footer GuideStar"
        hasIcon={false}
        href="https://www.guidestar.org/profile/shared/52626ac8-5e8b-445a-889e-30bf1ac0b46e"
      >
        <LegacyMockedNextImage
          alt="GuideStar Gold Transparency Seal"
          height={128}
          src="/static/images/platinum-transparency.png"
          width={128}
        />
      </OutboundLink>
    </div>
    <div
      className="max-w-[1000px] mx-auto pb-10"
    >
      <ul
        className="text-xl lg:text-base px-10 md:px-0 text-center grid grid-cols-2 md:grid-cols-4 gap-7 md:gap-3 pt-3"
      >
        <li>
          <ForwardRef(LinkComponent)
            href="/about"
          >
            About Us
          </ForwardRef(LinkComponent)>
        </li>
        <li>
          <ForwardRef(LinkComponent)
            href="/chapters"
          >
            Chapters
          </ForwardRef(LinkComponent)>
        </li>
        <li>
          <ForwardRef(LinkComponent)
            href="/jobs"
          >
            Job Board
          </ForwardRef(LinkComponent)>
        </li>
        <li>
          <ForwardRef(LinkComponent)
            href="/get_involved"
          >
            Get Involved
          </ForwardRef(LinkComponent)>
        </li>
        <li>
          <ForwardRef(LinkComponent)
            href="/contact"
          >
            Contact Us
          </ForwardRef(LinkComponent)>
        </li>
        <li>
          <ForwardRef(LinkComponent)
            href="/scholarship"
          >
            Scholarship
          </ForwardRef(LinkComponent)>
        </li>
        <li>
          <ForwardRef(LinkComponent)
            href="/podcast"
          >
            Podcast
          </ForwardRef(LinkComponent)>
        </li>
        <li>
          <ForwardRef(LinkComponent)
            href="/history"
          >
            History
          </ForwardRef(LinkComponent)>
        </li>
        <li>
          <ForwardRef(LinkComponent)
            href="/faq"
          >
            FAQ
          </ForwardRef(LinkComponent)>
        </li>
        <li>
          <ForwardRef(LinkComponent)
            href="/donate"
          >
            Donate
          </ForwardRef(LinkComponent)>
        </li>
        <li>
          <ForwardRef(LinkComponent)
            href="/press"
          >
            Press
          </ForwardRef(LinkComponent)>
        </li>
        <li>
          <ForwardRef(LinkComponent)
            href="/branding"
          >
            Branding
          </ForwardRef(LinkComponent)>
        </li>
        <li>
          <ForwardRef(LinkComponent)
            href="/services"
          >
            Services
          </ForwardRef(LinkComponent)>
        </li>
        <li>
          <ForwardRef(LinkComponent)
            href="/team"
          >
            Our Team
          </ForwardRef(LinkComponent)>
        </li>
      </ul>
    </div>
    <div
      className="text-sm text-center pb-20 pt-4 md:pb-8"
    >
      <div
        className="mb-6"
      >
        © 2014-
        2023
         Operation Code™
        <span
          className="pl-4"
        >
          registered 501(c)3
        </span>
      </div>
      <div
        className="flex mx-auto justify-between w-60"
      >
        <ForwardRef(LinkComponent)
          href="/terms"
        >
          Terms of Use
        </ForwardRef(LinkComponent)>
        <OutboundLink
          analyticsEventLabel="Privacy footer link"
          href="https://www.iubenda.com/privacy-policy/8174861"
        >
          Privacy
        </OutboundLink>
      </div>
    </div>
  </div>
</footer>
`;
