// Jest Snapshot v1, https://goo.gl/fbAQLP

exports[`ChangePasswordForm should render with required props 1`] = `
<form
  className="w-full"
  noValidate={true}
  onReset={[Function]}
  onSubmit={[Function]}
>
  <div
    className="flex flex-col items-center"
  >
    <div
      className="field"
      data-testid="INPUT"
    >
      <label
        className="text-secondary text-sm"
        data-testid="LABEL"
        htmlFor="newPassword1"
      >
        Password*
      </label>
      <div
        className="inputFeedbackGrouping"
        data-testid="INPUT_FEEDBACK_GROUPING"
      >
        <input
          autoComplete="new-password"
          className="Input"
          disabled={false}
          id="newPassword1"
          name="newPassword1"
          onBlur={[Function]}
          onChange={[Function]}
          type="password"
          value=""
        />
      </div>
    </div>
    <div
      className="field"
      data-testid="INPUT"
    >
      <label
        className="text-secondary text-sm"
        data-testid="LABEL"
        htmlFor="newPassword2"
      >
        Confirm Password*
      </label>
      <div
        className="inputFeedbackGrouping"
        data-testid="INPUT_FEEDBACK_GROUPING"
      >
        <input
          autoComplete="new-password"
          className="Input"
          disabled={false}
          id="newPassword2"
          name="newPassword2"
          onBlur={[Function]}
          onChange={[Function]}
          type="password"
          value=""
        />
      </div>
    </div>
    <button
      className="Button mt-4 secondary"
      data-testid="BUTTON"
      disabled={false}
      onClick={[Function]}
      tabIndex={0}
      type="submit"
    >
      Submit
    </button>
  </div>
</form>
`;
