// Jest Snapshot v1, https://goo.gl/fbAQLP

exports[`ContentContainer should render common use case 1`] = `
<div
  className="test-class ContentContainer secondary"
>
  Test Children 2
</div>
`;

exports[`ContentContainer should render with many props assigned 1`] = `
<div
  backgroundImageSource="testImage"
  className="test-class ContentContainer gray"
>
  Test Children
</div>
`;
