// Vitest Snapshot v1, https://vitest.dev/guide/snapshot.html

exports[`PressPhotos > should render with no props passed 1`] = `
<div
  className="pt-4 flex flex-wrap mx-auto items-center justify-center gap-4"
>
  <div
    className="relative aspect-video h-80"
  >
    <MockedNextImage
      alt="David Molina speaks to Code Conference LA 2016 attendees."
      className="object-cover"
      layout="fill"
      src="https://operation-code-assets.s3.us-east-2.amazonaws.com/photo_code-conference-la.jpg"
    />
  </div>
  <div
    className="relative aspect-video h-80"
  >
    <MockedNextImage
      alt="Operation Code members pose at Red Hat Summit 2017"
      className="object-cover"
      layout="fill"
      src="https://operation-code-assets.s3.us-east-2.amazonaws.com/photo_red-hat-summit-1.jpg"
    />
  </div>
  <div
    className="relative aspect-video h-80"
  >
    <MockedNextImage
      alt="Conrad Hollomon presents in front of the Node Summit 2016 audience"
      className="object-cover"
      layout="fill"
      src="https://operation-code-assets.s3.us-east-2.amazonaws.com/photo_node-summit.jpg"
    />
  </div>
  <div
    className="relative aspect-video h-80"
  >
    <MockedNextImage
      alt="Operation Code developers pose at AngelHack Boston 2017."
      className="object-cover object-top"
      layout="fill"
      src="https://operation-code-assets.s3.us-east-2.amazonaws.com/photo_angelhack-boston.jpg"
    />
  </div>
  <div
    className="relative aspect-video h-80"
  >
    <MockedNextImage
      alt="Ken Collier leads a discussion at the Utah Operation Code meetup."
      className="object-cover"
      layout="fill"
      src="https://operation-code-assets.s3.us-east-2.amazonaws.com/photo_utah-meetup.jpg"
    />
  </div>
</div>
`;
