// Jest Snapshot v1, https://goo.gl/fbAQLP

exports[`PressPhotos should render with no props passed 1`] = `
<div
  className="photos"
>
  <img
    alt="David Molina speaks to Code Conference LA 2016 attendees."
    src="https://operation-code-assets.s3.us-east-2.amazonaws.com/photo_code-conference-la.jpg"
  />
  <img
    alt="Operation Code members pose at Red Hat Summit 2017"
    src="https://operation-code-assets.s3.us-east-2.amazonaws.com/photo_red-hat-summit-1.jpg"
  />
  <img
    alt="Conrad Hollomon presents in front of the Node Summit 2016 audience."
    src="https://operation-code-assets.s3.us-east-2.amazonaws.com/photo_node-summit.jpg"
  />
  <img
    alt="Operation Code developers pose at AngelHack Boston 2017."
    src="https://operation-code-assets.s3.us-east-2.amazonaws.com/photo_angelhack-boston.jpg"
  />
  <img
    alt="Ken Collier leads a discussion at the Utah Operation Code meetup."
    src="https://operation-code-assets.s3.us-east-2.amazonaws.com/photo_utah-meetup.jpg"
  />
</div>
`;
