// Jest Snapshot v1, https://goo.gl/fbAQLP

exports[`LinkButton should render with many props assigned 1`] = `
<a
  className="Button test-class secondary fullWidth"
  href="https://tests.com"
  onClick={[Function]}
  rel="noopener noreferrer"
  target="_blank"
  to="https://tests.com"
>
  <span
    className="ScreenReaderOnly"
  >
    Opens in new window
  </span>
  Test
  <svg
    className="externalLinkIcon"
  />
</a>
`;

exports[`LinkButton should render with required props 1`] = `
<a
  className="Button primary"
  href="https://tests.com"
  onClick={[Function]}
>
  Test
</a>
`;
