// Vitest Snapshot v1, https://vitest.dev/guide/snapshot.html

exports[`Alert > should render error alert with required props 1`] = `
<div>
  <div
    class="rounded-sm border border-solid p-2 text-sm shadow-md border-error-deep bg-error text-error-deep"
    data-testid="ALERT"
    role="alert"
  >
    <span>
      Error Alert JSX or Text
    </span>
  </div>
</div>
`;
