// Vitest Snapshot v1, https://vitest.dev/guide/snapshot.html

exports[`TimelineNav > should render with no props passed passed 1`] = `
<div>
  <section
    class="px-4 sm:p-0"
  >
    <nav
      class="flex justify-around"
    >
      <a
        class="cursor-pointer text-2xl font-bold text-gray-500 transition-all duration-100 ease-in-out hover:scale-110 hover:opacity-60 sm:text-xl"
        href="#event-2011"
      >
        2011
      </a>
      <a
        class="cursor-pointer text-2xl font-bold text-gray-500 transition-all duration-100 ease-in-out hover:scale-110 hover:opacity-60 sm:text-xl"
        href="#event-2013"
      >
        2013
      </a>
      <a
        class="cursor-pointer text-2xl font-bold text-gray-500 transition-all duration-100 ease-in-out hover:scale-110 hover:opacity-60 sm:text-xl"
        href="#event-2014"
      >
        2014
      </a>
      <a
        class="cursor-pointer text-2xl font-bold text-gray-500 transition-all duration-100 ease-in-out hover:scale-110 hover:opacity-60 sm:text-xl"
        href="#event-2015"
      >
        2015
      </a>
      <a
        class="cursor-pointer text-2xl font-bold text-gray-500 transition-all duration-100 ease-in-out hover:scale-110 hover:opacity-60 sm:text-xl"
        href="#event-2019"
      >
        2019
      </a>
      <a
        class="cursor-pointer text-2xl font-bold text-gray-500 transition-all duration-100 ease-in-out hover:scale-110 hover:opacity-60 sm:text-xl"
        href="#event-2021"
      >
        2021
      </a>
      <a
        class="cursor-pointer text-2xl font-bold text-gray-500 transition-all duration-100 ease-in-out hover:scale-110 hover:opacity-60 sm:text-xl"
        href="#event-2023"
      >
        2023
      </a>
    </nav>
    <div
      class="mt-4 h-1 bg-theme-gray-800"
    />
  </section>
</div>
`;
