// Jest Snapshot v1, https://goo.gl/fbAQLP

exports[`TimelineNav should render with no props passed passed 1`] = `
<section
  className="timelineNav"
>
  <nav
    className="timelineNavLinksContainer"
  >
    <Link
      className="timelineNavLink"
      offset={0}
      smooth={true}
      to="event-2011"
    >
      2011
    </Link>
    <Link
      className="timelineNavLink"
      offset={0}
      smooth={true}
      to="event-2013"
    >
      2013
    </Link>
    <Link
      className="timelineNavLink"
      offset={0}
      smooth={true}
      to="event-2014"
    >
      2014
    </Link>
    <Link
      className="timelineNavLink"
      offset={0}
      smooth={true}
      to="event-2015"
    >
      2015
    </Link>
    <Link
      className="timelineNavLink"
      offset={0}
      smooth={true}
      to="event-2019"
    >
      2019
    </Link>
    <Link
      className="timelineNavLink"
      offset={0}
      smooth={true}
      to="event-2021"
    >
      2021
    </Link>
  </nav>
  <div
    className="timelineNavSeperator"
  />
</section>
`;
