// Jest Snapshot v1, https://goo.gl/fbAQLP

exports[`LoginForm should render with required props 1`] = `
<form
  className="LoginForm"
  noValidate={true}
  onReset={[Function]}
  onSubmit={[Function]}
>
  <div
    className="row"
  >
    <div
      className="field"
    >
      <label
        className="Label"
        htmlFor="email"
      >
        Email*
      </label>
      <div
        className="inputFeedBackGrouping"
      >
        <input
          autoComplete="username email"
          className="input"
          disabled={false}
          id="email"
          name="email"
          onBlur={[Function]}
          onChange={[Function]}
          type="email"
          value=""
        />
      </div>
    </div>
    <div
      className="field"
    >
      <label
        className="Label"
        htmlFor="password"
      >
        Password*
      </label>
      <div
        className="inputFeedBackGrouping"
      >
        <input
          autoComplete="new-password"
          className="input"
          disabled={false}
          id="password"
          name="password"
          onBlur={[Function]}
          onChange={[Function]}
          type="password"
          value=""
        />
      </div>
    </div>
  </div>
  <div
    className="row"
  >
    <div
      className="Alert error"
      role="alert"
    >
      
    </div>
  </div>
  <div
    className="row"
  >
    <button
      className="Button secondary"
      disabled={false}
      onClick={[Function]}
      tabIndex={0}
      type="submit"
    >
      Submit
    </button>
  </div>
</form>
`;
