// Vitest Snapshot v1, https://vitest.dev/guide/snapshot.html

exports[`Nav > should render with no props passed 1`] = `
<React.Fragment>
  <NavMobile
    closeMenu={[Function]}
    isOpen={false}
    navItems={
      [
        {
          "href": "/about",
          "name": "About Us",
          "target": "_self",
        },
        {
          "href": "/get_involved",
          "name": "Get Involved",
          "target": "_self",
        },
        {
          "href": "/podcast",
          "name": "Podcast",
          "target": "_self",
        },
        {
          "href": "/scholarship",
          "name": "Scholarship",
          "target": "_self",
        },
        {
          "href": "/project_rebuild",
          "name": "Project Rebuild",
          "target": "_self",
        },
        {
          "href": "/corporate-training",
          "name": "Corporate Training",
          "target": "_self",
        },
        {
          "href": "/chapters",
          "name": "Chapters",
          "target": "_self",
        },
        {
          "href": "/sponsorship",
          "name": "Sponsorship",
          "target": "_self",
        },
        {
          "href": "/swag",
          "name": "Merch Store",
          "target": "_blank",
        },
        {
          "href": "/contact",
          "name": "Contact Us",
          "target": "_self",
        },
        {
          "href": "/donate",
          "name": "Donate",
          "target": "_self",
        },
      ]
    }
    openMenu={[Function]}
  />
  <header
    className="NavDesktop"
  >
    <div
      className="desktopNavContainer"
      data-testid="Desktop Nav Container"
    >
      <nav
        data-testid="Desktop Nav"
      >
        <ForwardRef(LinkComponent)
          href="/"
        >
          <a
            className="logoLink link"
            onContextMenu={[Function]}
          >
            <ForwardRef
              className="logo"
              fill="#f7f7f7"
              style={
                {
                  "height": 42,
                  "width": 224,
                }
              }
            />
          </a>
        </ForwardRef(LinkComponent)>
        <ul
          className="link"
        >
          <ForwardRef(LoadableComponent)
            href="/about"
            icon={null}
            name="About Us"
            sublinks={
              [
                {
                  "href": "/team",
                  "name": "Our Team",
                  "target": "_self",
                },
                {
                  "href": "/history",
                  "name": "History",
                  "target": "_self",
                },
                {
                  "href": "/faq",
                  "name": "FAQ",
                  "target": "_self",
                },
                {
                  "href": "/branding",
                  "name": "Branding",
                  "target": "_self",
                },
              ]
            }
            target="_self"
          />
          <ForwardRef(LoadableComponent)
            href="/services"
            icon={null}
            name="Services"
            sublinks={
              [
                {
                  "href": "/podcast",
                  "name": "Podcast",
                  "target": "_self",
                },
                {
                  "href": "/scholarship",
                  "name": "Scholarship",
                  "target": "_self",
                },
                {
                  "href": "/project_rebuild",
                  "name": "Project Rebuild",
                  "target": "_self",
                },
                {
                  "href": "/corporate-training",
                  "name": "Corporate Training",
                  "target": "_self",
                },
              ]
            }
            target="_self"
          />
          <ForwardRef(LoadableComponent)
            href="/get_involved"
            icon={null}
            name="Get Involved"
            sublinks={
              [
                {
                  "href": "/chapters",
                  "name": "Chapters",
                  "target": "_self",
                },
                {
                  "href": "/sponsorship",
                  "name": "Sponsorship",
                  "target": "_self",
                },
                {
                  "href": "/swag",
                  "name": "Merch Store",
                  "target": "_blank",
                },
                {
                  "href": "/contact",
                  "name": "Contact Us",
                  "target": "_self",
                },
                {
                  "href": "/donate",
                  "name": "Donate",
                  "target": "_self",
                },
              ]
            }
            target="_self"
          />
          <li>
            <ForwardRef(LinkComponent)
              href="/donate"
            >
              <a
                className="link donateLink"
              >
                Donate
              </a>
            </ForwardRef(LinkComponent)>
          </li>
        </ul>
      </nav>
    </div>
  </header>
</React.Fragment>
`;
