// Vitest Snapshot v1, https://vitest.dev/guide/snapshot.html

exports[`Nav > should render with no props passed 1`] = `
<React.Fragment>
  <NavMobile
    closeMenu={[Function]}
    isOpen={false}
    navItems={
      [
        {
          "href": "/about",
          "name": "About Us",
        },
        {
          "href": "/get_involved",
          "name": "Get Involved",
        },
        {
          "href": "/podcast",
          "name": "Podcast",
        },
        {
          "href": "/scholarship",
          "name": "Scholarship",
        },
        {
          "href": "/project_rebuild",
          "name": "Project Rebuild",
        },
        {
          "href": "/chapters",
          "name": "Chapters",
        },
        {
          "href": "/sponsorship",
          "name": "Sponsorship",
        },
        {
          "href": "/swag",
          "name": "Merch Store",
        },
        {
          "href": "/contact",
          "name": "Contact Us",
        },
        {
          "href": "/donate",
          "name": "Donate",
        },
      ]
    }
    openMenu={[Function]}
  />
  <header
    className="NavDesktop"
  >
    <div
      className="desktopNavContainer"
      data-testid="Desktop Nav Container"
    >
      <nav
        data-testid="Desktop Nav"
      >
        <ForwardRef(LinkComponent)
          className="logoLink link"
          href="/"
          onContextMenu={[Function]}
        >
          <ForwardRef
            className="logo"
            fill="#f7f7f7"
            style={
              {
                "height": 42,
                "width": 224,
              }
            }
          />
        </ForwardRef(LinkComponent)>
        <ul
          className="link"
        >
          <ForwardRef(LoadableComponent)
            href="/about"
            icon={null}
            name="About Us"
            sublinks={
              [
                {
                  "href": "/team",
                  "name": "Our Team",
                },
                {
                  "href": "/history",
                  "name": "History",
                },
                {
                  "href": "/faq",
                  "name": "FAQ",
                },
                {
                  "href": "/branding",
                  "name": "Branding",
                },
              ]
            }
          />
          <ForwardRef(LoadableComponent)
            href="/services"
            icon={null}
            name="Services"
            sublinks={
              [
                {
                  "href": "/podcast",
                  "name": "Podcast",
                },
                {
                  "href": "/scholarship",
                  "name": "Scholarship",
                },
                {
                  "href": "/project_rebuild",
                  "name": "Project Rebuild",
                },
              ]
            }
          />
          <ForwardRef(LoadableComponent)
            href="/get_involved"
            icon={null}
            name="Get Involved"
            sublinks={
              [
                {
                  "href": "/chapters",
                  "name": "Chapters",
                },
                {
                  "href": "/sponsorship",
                  "name": "Sponsorship",
                },
                {
                  "href": "/swag",
                  "name": "Merch Store",
                },
                {
                  "href": "/contact",
                  "name": "Contact Us",
                },
                {
                  "href": "/donate",
                  "name": "Donate",
                },
              ]
            }
          />
          <li>
            <ForwardRef(LinkComponent)
              className="link donateLink"
              href="/donate"
            >
              Donate
            </ForwardRef(LinkComponent)>
          </li>
        </ul>
      </nav>
    </div>
  </header>
</React.Fragment>
`;
