// Jest Snapshot v1, https://goo.gl/fbAQLP

exports[`Nav should render with no props passed 1`] = `
<React.Fragment>
  <NavMobile
    closeMenu={[Function]}
    isOpen={false}
    navItems={
      Array [
        Object {
          "href": "/login",
          "name": "Login",
        },
        Object {
          "href": "/join",
          "name": "Join",
        },
        Object {
          "href": "/about",
          "name": "About Us",
          "shouldPrefetch": true,
        },
        Object {
          "href": "/contact",
          "name": "Contact Us",
          "shouldPrefetch": false,
        },
        Object {
          "href": "/faq",
          "name": "FAQ",
          "shouldPrefetch": false,
        },
        Object {
          "href": "/who_we_serve",
          "name": "Who We Serve",
          "shouldPrefetch": true,
        },
        Object {
          "href": "/events",
          "name": "Events",
          "shouldPrefetch": false,
        },
        Object {
          "href": "/get_involved",
          "name": "Get Involved",
          "shouldPrefetch": true,
        },
        Object {
          "href": "/sponsorship",
          "name": "Sponsorship",
        },
        Object {
          "href": "/leadership_circle",
          "name": "Leadership Circle",
        },
      ]
    }
    openMenu={[Function]}
  />
  <header
    className="NavDesktop"
    data-testid="Desktop Nav"
  >
    <div
      className="navContainer"
    >
      <nav>
        <Link
          href="/"
          prefetch={false}
        >
          <a
            className="logoLink link"
          >
            <img
              alt="Operation Code Logo"
              className="logo"
              src="https://operation-code-assets.s3.us-east-2.amazonaws.com/branding/logos/small-blue-logo.png"
            />
          </a>
        </Link>
        <ul
          className="link"
        >
          <NavListItem
            href="/about"
            name="About Us"
            shouldPrefetch={true}
            sublinks={
              Array [
                Object {
                  "href": "/contact",
                  "name": "Contact Us",
                  "shouldPrefetch": false,
                },
                Object {
                  "href": "/faq",
                  "name": "FAQ",
                  "shouldPrefetch": false,
                },
              ]
            }
          />
          <NavListItem
            href="/who_we_serve"
            name="Who We Serve"
            shouldPrefetch={true}
            sublinks={
              Array [
                Object {
                  "href": "/login",
                  "name": "Login",
                },
                Object {
                  "href": "/join",
                  "name": "Join",
                },
              ]
            }
          />
          <NavListItem
            href="/events"
            name="Events"
            shouldPrefetch={false}
            sublinks={Array []}
          />
          <NavListItem
            href="/get_involved"
            name="Get Involved"
            shouldPrefetch={true}
            sublinks={
              Array [
                Object {
                  "href": "/sponsorship",
                  "name": "Sponsorship",
                },
                Object {
                  "href": "/leadership_circle",
                  "name": "Leadership Circle",
                },
              ]
            }
          />
          <li>
            <Link
              href="https://secure.lglforms.com/form_engine/s/BRtP7QUKyHOyEYsZROsRew"
              prefetch={false}
            >
              <a
                className="link donateLink"
              >
                <span>
                  Donate
                </span>
              </a>
            </Link>
          </li>
        </ul>
      </nav>
    </div>
  </header>
</React.Fragment>
`;
