// Vitest Snapshot v1, https://vitest.dev/guide/snapshot.html

exports[`Nav > should render with no props passed 1`] = `
<React.Fragment>
  <NavMobile
    closeMenu={[Function]}
    isOpen={false}
    navItems={
      [
        {
          "href": "/about",
          "name": "About Us",
        },
        {
          "href": "/get_involved",
          "name": "Get Involved",
        },
        {
          "href": "/podcast",
          "name": "Podcast",
        },
        {
          "href": "/scholarship",
          "name": "Scholarship",
        },
        {
          "href": "/project_rebuild",
          "name": "Project Rebuild",
        },
        {
          "href": "/corporate-training",
          "name": "Corporate Training",
        },
        {
          "href": "/chapters",
          "name": "Chapters",
        },
        {
          "href": "/sponsorship",
          "name": "Sponsorship",
        },
        {
          "href": "/swag",
          "isExternal": true,
          "name": "Merch Store",
        },
        {
          "href": "/contact",
          "name": "Contact Us",
        },
        {
          "href": "/donate",
          "name": "Donate",
        },
      ]
    }
    openMenu={[Function]}
  />
  <header
    className="hidden absolute top-4 w-full z-10 sm:block"
  >
    <div
      className="mx-auto max-w-[1400px]"
      data-testid="Desktop Nav Container"
    >
      <nav
        className="font-bold h-16 bg-white rounded-sm flex justify-between"
        data-testid="Desktop Nav"
      >
        <ForwardRef(LinkComponent)
          href="/"
        >
          <a
            className="mx-4 flex items-center"
            onContextMenu={[Function]}
          >
            <ForwardRef
              className="w-56 fill-white"
            />
          </a>
        </ForwardRef(LinkComponent)>
        <ul
          className="flex"
        >
          <ForwardRef(LoadableComponent)
            href="/about"
            name="About Us"
            sublinks={
              [
                {
                  "href": "/team",
                  "name": "Our Team",
                },
                {
                  "href": "/history",
                  "name": "History",
                },
                {
                  "href": "/faq",
                  "name": "FAQ",
                },
                {
                  "href": "/branding",
                  "name": "Branding",
                },
              ]
            }
          />
          <ForwardRef(LoadableComponent)
            href="/services"
            name="Services"
            sublinks={
              [
                {
                  "href": "/podcast",
                  "name": "Podcast",
                },
                {
                  "href": "/scholarship",
                  "name": "Scholarship",
                },
                {
                  "href": "/project_rebuild",
                  "name": "Project Rebuild",
                },
                {
                  "href": "/corporate-training",
                  "name": "Corporate Training",
                },
              ]
            }
          />
          <ForwardRef(LoadableComponent)
            href="/get_involved"
            name="Get Involved"
            sublinks={
              [
                {
                  "href": "/chapters",
                  "name": "Chapters",
                },
                {
                  "href": "/sponsorship",
                  "name": "Sponsorship",
                },
                {
                  "href": "/swag",
                  "isExternal": true,
                  "name": "Merch Store",
                },
                {
                  "href": "/contact",
                  "name": "Contact Us",
                },
                {
                  "href": "/donate",
                  "name": "Donate",
                },
              ]
            }
          />
          <li>
            <ForwardRef(LinkComponent)
              href="/donate"
            >
              <a
                className="pt-1 px-8 font-bold bg-primary text-secondary no-underline flex items-center justify-center h-full transition-colors duration-200 ease-linear rounded-r-sm cursor-pointer hover:text-white focus-visible:text-white"
              >
                Donate
              </a>
            </ForwardRef(LinkComponent)>
          </li>
        </ul>
      </nav>
    </div>
  </header>
</React.Fragment>
`;
