// Vitest Snapshot v1, https://vitest.dev/guide/snapshot.html

exports[`Container > should render with many props assigned 1`] = `
<div
  className="test-class Container white fullViewportHeight"
  style={
    {
      "backgroundImage": "linear-gradient(hsl(215, 30%, 10%, 0.7),hsl(215, 30%, 10%, 0.7)), url(https://operation-code-assets.s3.us-east-2.amazonaws.com/heroBanner/stock_family-2.jpg)",
    }
  }
>
  <div
    className="content"
  >
    Test Children
  </div>
</div>
`;
