// Vitest Snapshot v1, https://vitest.dev/guide/snapshot.html

exports[`RegistrationForm > should render with required props 1`] = `
<div>
  <form
    class="m-0! flex w-full max-w-prose flex-col gap-4 px-4"
    novalidate=""
  >
    <div
      data-testid="INPUT"
    >
      <label
        class="text-secondary"
        data-testid="LABEL"
        for="email"
      >
        Email*
      </label>
      <div
        class="flex flex-col items-stretch lg:relative"
        data-testid="INPUT_FEEDBACK_GROUPING"
      >
        <input
          autocomplete="username email"
          class="rounded-sm border border-secondary/50 bg-white p-2 text-lg min-w-48 disabled:opacity-60 hover:disabled:cursor-not-allowed focus-visible:border-primary/50 focus-visible:shadow-xs focus-visible:shadow-primary/75 focus-visible:outline-none"
          id="email"
          name="email"
          type="email"
          value=""
        />
      </div>
    </div>
    <div
      data-testid="INPUT"
    >
      <label
        class="text-secondary"
        data-testid="LABEL"
        for="confirm-email"
      >
        Confirm Email*
      </label>
      <div
        class="flex flex-col items-stretch lg:relative"
        data-testid="INPUT_FEEDBACK_GROUPING"
      >
        <input
          autocomplete="username email"
          class="rounded-sm border border-secondary/50 bg-white p-2 text-lg min-w-48 disabled:opacity-60 hover:disabled:cursor-not-allowed focus-visible:border-primary/50 focus-visible:shadow-xs focus-visible:shadow-primary/75 focus-visible:outline-none"
          id="confirm-email"
          name="confirm-email"
          type="email"
          value=""
        />
      </div>
    </div>
    <div
      class="hidden"
      data-testid="INPUT"
    >
      <label
        class="text-secondary"
        data-testid="LABEL"
        for="password"
      >
        Password*
      </label>
      <div
        class="flex flex-col items-stretch lg:relative"
        data-testid="INPUT_FEEDBACK_GROUPING"
      >
        <input
          autocomplete="new-password"
          class="rounded-sm border border-secondary/50 bg-white p-2 text-lg min-w-48 disabled:opacity-60 hover:disabled:cursor-not-allowed focus-visible:border-primary/50 focus-visible:shadow-xs focus-visible:shadow-primary/75 focus-visible:outline-none"
          id="password"
          name="password"
          type="password"
          value=""
        />
      </div>
    </div>
    <div
      class="hidden"
      data-testid="INPUT"
    >
      <label
        class="text-secondary"
        data-testid="LABEL"
        for="confirm-password"
      >
        Confirm Password*
      </label>
      <div
        class="flex flex-col items-stretch lg:relative"
        data-testid="INPUT_FEEDBACK_GROUPING"
      >
        <input
          autocomplete="new-password"
          class="rounded-sm border border-secondary/50 bg-white p-2 text-lg min-w-48 disabled:opacity-60 hover:disabled:cursor-not-allowed focus-visible:border-primary/50 focus-visible:shadow-xs focus-visible:shadow-primary/75 focus-visible:outline-none"
          id="confirm-password"
          name="confirm-password"
          type="password"
          value=""
        />
      </div>
    </div>
    <div
      data-testid="INPUT"
    >
      <label
        class="text-secondary"
        data-testid="LABEL"
        for="firstName"
      >
        First Name*
      </label>
      <div
        class="flex flex-col items-stretch lg:relative"
        data-testid="INPUT_FEEDBACK_GROUPING"
      >
        <input
          autocomplete="given-name"
          class="rounded-sm border border-secondary/50 bg-white p-2 text-lg min-w-48 disabled:opacity-60 hover:disabled:cursor-not-allowed focus-visible:border-primary/50 focus-visible:shadow-xs focus-visible:shadow-primary/75 focus-visible:outline-none"
          id="firstName"
          name="firstName"
          type="text"
          value=""
        />
      </div>
    </div>
    <div
      data-testid="INPUT"
    >
      <label
        class="text-secondary"
        data-testid="LABEL"
        for="lastName"
      >
        Last Name*
      </label>
      <div
        class="flex flex-col items-stretch lg:relative"
        data-testid="INPUT_FEEDBACK_GROUPING"
      >
        <input
          autocomplete="family-name"
          class="rounded-sm border border-secondary/50 bg-white p-2 text-lg min-w-48 disabled:opacity-60 hover:disabled:cursor-not-allowed focus-visible:border-primary/50 focus-visible:shadow-xs focus-visible:shadow-primary/75 focus-visible:outline-none"
          id="lastName"
          name="lastName"
          type="text"
          value=""
        />
      </div>
    </div>
    <div
      data-testid="INPUT"
    >
      <label
        class="text-secondary"
        data-testid="LABEL"
        for="zipcode"
      >
        Zipcode*
      </label>
      <div
        class="flex flex-col items-stretch lg:relative"
        data-testid="INPUT_FEEDBACK_GROUPING"
      >
        <input
          autocomplete="postal-code"
          class="rounded-sm border border-secondary/50 bg-white p-2 text-lg min-w-48 disabled:opacity-60 hover:disabled:cursor-not-allowed focus-visible:border-primary/50 focus-visible:shadow-xs focus-visible:shadow-primary/75 focus-visible:outline-none"
          id="zipcode"
          name="zipcode"
          type="text"
          value=""
        />
      </div>
    </div>
    <div
      class="relative"
      data-testid="CHECKBOX"
    >
      <label
        class="text-secondary group flex items-start gap-3 outline outline-offset-2 outline-transparent cursor-pointer has-[input:disabled]:cursor-not-allowed [&>input:focus-visible]:outline-secondary/50"
        data-testid="LABEL"
        for="codeOfConduct"
      >
        <input
          class="size-5 cursor-[inherit] rounded-sm border border-secondary/50 group-hover:border-secondary disabled:opacity-60 outline outline-offset-2 outline-transparent group-hover:outline-secondary/25"
          id="codeOfConduct"
          name="codeOfConduct"
          type="checkbox"
          value=""
        />
        <span
          class="-mt-0.75 select-none"
        >
          I have read and agree to
           
          <a
            class="inline-flex items-start text-burnt-orange"
            href="https://github.com/OperationCode/operationcode_docs/blob/master/community/code_of_conduct.md"
            rel="noopener noreferrer"
            target="_blank"
          >
            Operation Code's Code of Conduct.
            <span
              class="sr-only"
              data-testid="SCREEN_READER_ONLY"
            >
              Opens in new window
            </span>
            <svg
              class="mt-0.5 ml-1 inline-block size-3.5 fill-current"
              viewBox="0 0 448 512"
            >
              <symbol
                id="_73ab62bc"
                viewBox="0 0 448 512"
                xmlns="http://www.w3.org/2000/svg"
              >
                <title>
                  External Link Symbol
                </title>
                <path
                  d="M448 80v352c0 27-21 48-48 48H48c-27 0-48-21-48-48V80c0-27 21-48 48-48h352c27 0 48 21 48 48zm-88 16H248c-21 0-32 26-17 41l32 32L68 364c-5 5-5 13 0 17l31 31c4 5 12 5 17 0l195-195 32 32c15 15 41 4 41-17V120c0-13-11-24-24-24z"
                />
              </symbol>
              <use
                href="#_73ab62bc"
              />
            </svg>
          </a>
           
          *
        </span>
      </label>
    </div>
    <div
      class="relative"
      data-testid="CHECKBOX"
    >
      <label
        class="text-secondary group flex items-start gap-3 outline outline-offset-2 outline-transparent cursor-pointer has-[input:disabled]:cursor-not-allowed [&>input:focus-visible]:outline-secondary/50"
        data-testid="LABEL"
        for="slackGuidelines"
      >
        <input
          class="size-5 cursor-[inherit] rounded-sm border border-secondary/50 group-hover:border-secondary disabled:opacity-60 outline outline-offset-2 outline-transparent group-hover:outline-secondary/25"
          id="slackGuidelines"
          name="slackGuidelines"
          type="checkbox"
          value=""
        />
        <span
          class="-mt-0.75 select-none"
        >
          I have read and agree to
           
          <a
            class="inline-flex items-start text-burnt-orange"
            href="https://github.com/OperationCode/START_HERE/blob/master/community_guidelines.md"
            rel="noopener noreferrer"
            target="_blank"
          >
            Operation Code's Slack Community Guidelines.
            <span
              class="sr-only"
              data-testid="SCREEN_READER_ONLY"
            >
              Opens in new window
            </span>
            <svg
              class="mt-0.5 ml-1 inline-block size-3.5 fill-current"
              viewBox="0 0 448 512"
            >
              <symbol
                id="_73ab62bc"
                viewBox="0 0 448 512"
                xmlns="http://www.w3.org/2000/svg"
              >
                <title>
                  External Link Symbol
                </title>
                <path
                  d="M448 80v352c0 27-21 48-48 48H48c-27 0-48-21-48-48V80c0-27 21-48 48-48h352c27 0 48 21 48 48zm-88 16H248c-21 0-32 26-17 41l32 32L68 364c-5 5-5 13 0 17l31 31c4 5 12 5 17 0l195-195 32 32c15 15 41 4 41-17V120c0-13-11-24-24-24z"
                />
              </symbol>
              <use
                href="#_73ab62bc"
              />
            </svg>
          </a>
           
          *
        </span>
      </label>
    </div>
    <button
      class="font-family-bebas font-bold text-center uppercase text-shadow-[initial] tracking-wide inline-block rounded leading-none border-4 border-solid cursor-pointer py-4 px-3 whitespace-nowrap transition-all duration-200 ease-linear min-w-[175px] focus-visible:bg-transparent hover:bg-transparent disabled:opacity-60 disabled:hover:cursor-not-allowed border-secondary bg-secondary text-primary outline-secondary hover:text-secondary focus-visible:text-secondary w-full"
      data-testid="REGISTRATION_FORM_INITIAL_SUBMIT_BUTTON"
      tabindex="0"
      type="submit"
    >
      <span
        class="flex items-center justify-center gap-x-2"
      >
        <span
          class="mt-[0.325rem]"
        >
          Submit ✓
        </span>
      </span>
    </button>
    <aside
      class="mx-auto rounded-md border border-dashed border-warning-deep bg-warning p-3 text-xs"
    >
      <p>
        The demographic information you provide, helps us understand our community needs, ensure diversity, and provide specific resources to reach our mission. Thank you in advance for providing honest answers. 
        <span
          class="font-bold"
        >
          We do not sell your information to anyone.
        </span>
      </p>
    </aside>
  </form>
</div>
`;
