// Vitest Snapshot v1, https://vitest.dev/guide/snapshot.html

exports[`SuccessStory > should render with required props 1`] = `
<FlatCard
  button={null}
  header="Great testing culture"
  image={
    {
      "alt": "",
      "source": "image.png",
    }
  }
>
  <blockquote>
    “Best test of my life!”
  </blockquote>
</FlatCard>
`;
