// Vitest Snapshot v1, https://vitest.dev/guide/snapshot.html

exports[`SuccessStory > should render with required props 1`] = `
<div>
  <article
    class="relative mx-4 my-6 box-border max-w-[400px] pt-20 sm:pt-14"
  >
    <div
      class="flex flex-col gap-5 border-4 border-solid border-primary p-8 pt-32"
    >
      <div
        class="text-center"
      >
        Great testing culture
      </div>
      <div
        class="-my-5 flex justify-center"
      >
        <div
          class="absolute -top-4 h-[194px] w-[194px] border-[3px] border-solid border-primary"
          data-testid="FLAT_CARD_IMAGE"
        >
          <img
            alt=""
            src="image.png"
          />
        </div>
      </div>
      <hr
        class="w-full border-2 border-solid border-primary"
      />
      <div>
        <blockquote>
          “Best test of my life!”
        </blockquote>
      </div>
    </div>
  </article>
</div>
`;
