// Jest Snapshot v1, https://goo.gl/fbAQLP

exports[`SuccessStory should render with required props 1`] = `
<FlatCard
  button={null}
  header="Great testing culture"
  image={
    Object {
      "alt": "",
      "source": "image.png",
    }
  }
>
  <blockquote>
    "Best test of my life!"
  </blockquote>
</FlatCard>
`;
