// Jest Snapshot v1, https://goo.gl/fbAQLP

exports[`SuccessStory should render with required props 1`] = `
<div
  className="box-border flex flex-col flex-nowrap items-center my-12 mx-4 pt-14 relative max-w-[320px] h-[940px] md:h-[748px] sm:h-auto"
>
  <div
    className="absolute top-0 h-48 shadow-[1px_2px_5p_3px_rgba(0, 0, 0, 0.35)]"
  >
    <MockedNextImage
      alt="Great testing culture headshot"
      height={200}
      layout="fixed"
      src="image.png"
      width={200}
    />
  </div>
  <div
    className="flex flex-1 flex-col flex-nowrap items-center p-8 pt-40 border-2 border-solid border-primary [&blockquote]:my-4 [&blockquote]:mx-0 [&blockquote]:text-base"
  >
    <h6
      className="text-center text-base"
    >
      Great testing culture
    </h6>
    <blockquote>
      "Best test of my life!"
    </blockquote>
  </div>
</div>
`;
