// Jest Snapshot v1, https://goo.gl/fbAQLP

exports[`Modal should render with many props assigned 1`] = `
<body
  style="pointer-events: none;"
>
  <span
    aria-hidden="true"
    data-aria-hidden="true"
    data-radix-focus-guard=""
    style="outline: none; opacity: 0; position: fixed; pointer-events: none;"
    tabindex="0"
  />
  <div
    aria-hidden="true"
    data-aria-hidden="true"
  />
  <div
    aria-hidden="true"
    class="inset-0 fixed bg-gray"
    data-aria-hidden="true"
    data-state="open"
    data-testid="MODAL_OVERLAY"
    style="pointer-events: auto;"
  >
    <button
      class="CloseButton"
      data-testid="CLOSE_BUTTON"
      type="button"
    >
      <span
        class="ScreenReaderOnly"
        data-testid="SCREEN_READER_ONLY"
      >
        Close
      </span>
      <svg
        class="icon secondary"
      />
    </button>
  </div>
  <div
    aria-describedby="radix-:r5:"
    aria-labelledby="radix-:r4:"
    class="bg-white text-secondary flex flex-col flex-nowrap m-4 min-h-[100px] min-w-[100px] p-6 fixed items-center justify-center overflow-hidden w-[80%] top-1/2 left-1/2 -translate-x-1/2 -translate-y-1/2 z-[2] test-class"
    data-state="open"
    id="radix-:r3:"
    role="dialog"
    style="pointer-events: auto;"
    tabindex="-1"
  >
    <div
      data-testid="MODAL_CONTENT"
    >
      Test
    </div>
  </div>
  <span
    aria-hidden="true"
    data-aria-hidden="true"
    data-radix-focus-guard=""
    style="outline: none; opacity: 0; position: fixed; pointer-events: none;"
    tabindex="0"
  />
</body>
`;

exports[`Modal should render with required props 1`] = `
<body>
  <div />
</body>
`;
