// Jest Snapshot v1, https://goo.gl/fbAQLP

exports[`Modal should render with many props assigned 1`] = `
<body
  style="pointer-events: none;"
>
  <span
    aria-hidden="true"
    data-aria-hidden="true"
    data-radix-focus-guard=""
    style="outline: none; opacity: 0; position: fixed; pointer-events: none;"
    tabindex="0"
  />
  <div
    aria-hidden="true"
    data-aria-hidden="true"
  />
  <div
    aria-hidden="true"
    class="overlay"
    data-aria-hidden="true"
    data-state="open"
    data-testid="MODAL_OVERLAY"
    style="pointer-events: auto;"
  />
  <div
    aria-describedby="radix-5"
    aria-labelledby="radix-4"
    class="Card test-class modalContent"
    data-state="open"
    id="radix-3"
    role="dialog"
    style="pointer-events: auto;"
    tabindex="-1"
  >
    <button
      class="CloseButton"
      data-testid="CLOSE_BUTTON"
      type="button"
    >
      <span
        class="ScreenReaderOnly"
        data-testid="SCREEN_READER_ONLY"
      >
        Close
      </span>
      <svg
        class="icon primary"
      />
    </button>
    <div
      data-testid="MODAL_CONTENT"
    >
      Test
    </div>
  </div>
  <span
    aria-hidden="true"
    data-aria-hidden="true"
    data-radix-focus-guard=""
    style="outline: none; opacity: 0; position: fixed; pointer-events: none;"
    tabindex="0"
  />
</body>
`;

exports[`Modal should render with required props 1`] = `
<body>
  <div />
</body>
`;
