// Jest Snapshot v1, https://goo.gl/fbAQLP

exports[`ImageCard should render with required props 1`] = `
<Card
  className="ImageCard"
  hasAnimationOnHover={false}
>
  <img
    alt="Test title"
    className="image"
    src="/static/images/Family1.jpg"
  />
  <div
    className="content"
  >
    <p>
      Testing!
    </p>
  </div>
</Card>
`;
