// Jest Snapshot v1, https://goo.gl/fbAQLP

exports[`ResourceCard should render with required props 1`] = `
<article
  className="Card ResourceCard"
>
  <header
    className="titleSection"
  >
    <img
      alt="logo"
      src="/static/images/icons/javascript_logo.svg"
    />
    <h5>
      JavaScript for Dummies
    </h5>
  </header>
  <section>
    <p
      className="descriptionText"
    >
      
    </p>
  </section>
  <footer
    className="footerSection"
  >
    <span
      className="footerText"
    >
      I found this useful 
    </span>
    <button
      className="voteBtn faded"
      onClick={[Function]}
      type="button"
    >
      <svg
        className="icon"
      />
      0
    </button>
    <button
      className="voteBtn faded"
      onClick={[Function]}
      type="button"
    >
      <svg
        className="icon"
      />
      0
    </button>
  </footer>
</article>
`;
