// Jest Snapshot v1, https://goo.gl/fbAQLP

exports[`SignUpSection should render with no props passed passed 1`] = `
<Container
  isFullViewportHeight={false}
  theme="white"
>
  <h3>
    New user?
  </h3>
  <p>
    Are you ready to deploy your future? Join Operation Code today and launch your career in software development. Once you complete the form below, you’ll be invited to join our team on Slack. Make sure you stop in and say hi!
  </p>
  <LinkButton
    analyticsEventLabel=""
    disabled={false}
    fullWidth={false}
    href="/signup"
    theme="secondary"
  >
    Sign Up
  </LinkButton>
</Container>
`;
