// Jest Snapshot v1, https://goo.gl/fbAQLP

exports[`SignUpSection it should render properly with no props 1`] = `
<Section
  className=""
  contentClassName=""
  hasHeadingLines={true}
  id=""
  style={Object {}}
  theme="white"
  title="New user?"
>
  <p>
    Are you ready to deploy your future? Join Operation Code today and launch your career in software development. Once you complete the form below, you’ll be invited to join our team on Slack. Make sure you stop in and say hi!
  </p>
  <Button
    analyticsObject={
      Object {
        "action": "Button Selected",
        "category": "Interactions",
      }
    }
    className=""
    datum=""
    disabled={false}
    fullWidth={false}
    onClick={[Function]}
    tabIndex={0}
    theme="secondary"
    type="button"
  >
    <Link
      href="/signup"
    >
      <a>
        Sign Up
      </a>
    </Link>
  </Button>
</Section>
`;
