// Jest Snapshot v1, https://goo.gl/fbAQLP

exports[`HashLink should render with many props assigned 1`] = `
<a
  className="anchorDefault"
  href="#default"
  id="default"
  onMouseEnter={[Function]}
  onMouseLeave={[Function]}
>
  <svg
    className="icon iconHidden"
  />
</a>
`;

exports[`HashLink should render with required props 1`] = `
<a
  className="anchorDefault"
  href="#default"
  id="default"
  onMouseEnter={[Function]}
  onMouseLeave={[Function]}
>
  <svg
    className="icon iconHidden"
  />
</a>
`;
